###############################################################################
#                                                                             #
# IAR ELF Linker V1.30.1.50036 for STM8                 11/Mar/2014  17:09:44 #
# Copyright 2010-2011 IAR Systems AB.                                         #
#                                                                             #
#    Output file  =  F:\Skydrive\Final Design\Servo Motor                     #
#                    STM8L\Debug\Exe\Discover.out                             #
#    Map file     =  F:\Skydrive\Final Design\Servo Motor                     #
#                    STM8L\Debug\List\Discover.map                            #
#    Command line =  "F:\Skydrive\Final Design\Servo Motor                    #
#                    STM8L\Debug\Obj\main.o" "F:\Skydrive\Final Design\Servo  #
#                    Motor STM8L\Debug\Obj\stm8l15x_adc.o"                    #
#                    "F:\Skydrive\Final Design\Servo Motor                    #
#                    STM8L\Debug\Obj\stm8l15x_aes.o" "F:\Skydrive\Final       #
#                    Design\Servo Motor STM8L\Debug\Obj\stm8l15x_beep.o"      #
#                    "F:\Skydrive\Final Design\Servo Motor                    #
#                    STM8L\Debug\Obj\stm8l15x_clk.o" "F:\Skydrive\Final       #
#                    Design\Servo Motor STM8L\Debug\Obj\stm8l15x_comp.o"      #
#                    "F:\Skydrive\Final Design\Servo Motor                    #
#                    STM8L\Debug\Obj\stm8l15x_dac.o" "F:\Skydrive\Final       #
#                    Design\Servo Motor STM8L\Debug\Obj\stm8l15x_dma.o"       #
#                    "F:\Skydrive\Final Design\Servo Motor                    #
#                    STM8L\Debug\Obj\stm8l15x_exti.o" "F:\Skydrive\Final      #
#                    Design\Servo Motor STM8L\Debug\Obj\stm8l15x_flash.o"     #
#                    "F:\Skydrive\Final Design\Servo Motor                    #
#                    STM8L\Debug\Obj\stm8l15x_gpio.o" "F:\Skydrive\Final      #
#                    Design\Servo Motor STM8L\Debug\Obj\stm8l15x_i2c.o"       #
#                    "F:\Skydrive\Final Design\Servo Motor                    #
#                    STM8L\Debug\Obj\stm8l15x_irtim.o" "F:\Skydrive\Final     #
#                    Design\Servo Motor STM8L\Debug\Obj\stm8l15x_itc.o"       #
#                    "F:\Skydrive\Final Design\Servo Motor                    #
#                    STM8L\Debug\Obj\stm8l15x_iwdg.o" "F:\Skydrive\Final      #
#                    Design\Servo Motor STM8L\Debug\Obj\stm8l15x_lcd.o"       #
#                    "F:\Skydrive\Final Design\Servo Motor                    #
#                    STM8L\Debug\Obj\stm8l15x_pwr.o" "F:\Skydrive\Final       #
#                    Design\Servo Motor STM8L\Debug\Obj\stm8l15x_rst.o"       #
#                    "F:\Skydrive\Final Design\Servo Motor                    #
#                    STM8L\Debug\Obj\stm8l15x_rtc.o" "F:\Skydrive\Final       #
#                    Design\Servo Motor STM8L\Debug\Obj\stm8l15x_spi.o"       #
#                    "F:\Skydrive\Final Design\Servo Motor                    #
#                    STM8L\Debug\Obj\stm8l15x_syscfg.o" "F:\Skydrive\Final    #
#                    Design\Servo Motor STM8L\Debug\Obj\stm8l15x_tim1.o"      #
#                    "F:\Skydrive\Final Design\Servo Motor                    #
#                    STM8L\Debug\Obj\stm8l15x_tim2.o" "F:\Skydrive\Final      #
#                    Design\Servo Motor STM8L\Debug\Obj\stm8l15x_tim3.o"      #
#                    "F:\Skydrive\Final Design\Servo Motor                    #
#                    STM8L\Debug\Obj\stm8l15x_tim4.o" "F:\Skydrive\Final      #
#                    Design\Servo Motor STM8L\Debug\Obj\stm8l15x_tim5.o"      #
#                    "F:\Skydrive\Final Design\Servo Motor                    #
#                    STM8L\Debug\Obj\stm8l15x_usart.o" "F:\Skydrive\Final     #
#                    Design\Servo Motor STM8L\Debug\Obj\stm8l15x_wfe.o"       #
#                    "F:\Skydrive\Final Design\Servo Motor                    #
#                    STM8L\Debug\Obj\stm8l15x_wwdg.o" --redirect              #
#                    _Printf=_PrintfSmall --redirect _Scanf=_ScanfSmall -o    #
#                    "F:\Skydrive\Final Design\Servo Motor                    #
#                    STM8L\Debug\Exe\Discover.out" --map "F:\Skydrive\Final   #
#                    Design\Servo Motor STM8L\Debug\List\Discover.map"        #
#                    --config "D:\IAR Systems\Embedded Workbench              #
#                    6.0\stm8\config\lnkstm8l152c6.icf" --config_def          #
#                    _CSTACK_SIZE=0x100 --config_def _HEAP_SIZE=0x100         #
#                    --entry __iar_program_start --debug_lib                  #
#                                                                             #
#                                                                             #
###############################################################################

*******************************************************************************
*** RUNTIME MODEL ATTRIBUTES
***

__SystemLibrary            = DLib
__code_model               = small
__core                     = stm8
__data_model               = medium
__dlib_file_descriptor     = 0
__dlib_full_locale_support = 0
__rt_version               = 4


*******************************************************************************
*** PLACEMENT SUMMARY
***

"A1":  place at start of [0x000000-0x0000ff] { rw section .vregs };
"A2":  place at end of [0x000000-0x0007ff] { block CSTACK };
"P2":  place in [from 0x000000 to 0x0007ff] {
          block HEAP, rw section .far.bss, rw section .far.data,
          rw section .far.noinit, rw section .far_func.textrw,
          rw section .huge.bss, rw section .huge.data, rw section .huge.noinit,
          rw section .huge_func.textrw, rw section .iar.dynexit,
          rw section .near.bss, rw section .near.data, rw section .near.noinit,
          rw section .near_func.textrw };
"A3":  place at start of [0x008000-0x00ffff] { block INTVEC };
"P3":  place in [from 0x008000 to 0x00ffff] {
          ro section .far.data_init, ro section .far_func.textrw_init,
          ro section .huge.data_init, ro section .huge_func.textrw_init,
          ro section .iar.init_table, ro section .init_array,
          ro section .near.data_init, ro section .near.rodata,
          ro section .near_func.text, ro section .near_func.textrw_init,
          ro section .tiny.data_init, ro section .tiny.rodata_init };

  Section            Kind      Address   Size  Object
  -------            ----      -------   ----  ------
"A1":                                     0xc
  .vregs             uninit   0x000000    0xc  vregs.o [4]
                            - 0x00000c    0xc

"P2":                                     0x6
  P2 s0                       0x00000c    0x6  <Init block>
    .near.data       inited   0x00000c    0x2  main.o [1]
    .near.data       inited   0x00000e    0x2  main.o [1]
    .near.data       inited   0x000010    0x2  main.o [1]
                            - 0x000012    0x6

"A2":                                   0x100
  CSTACK                      0x000700  0x100  <Block>
    CSTACK           uninit   0x000700  0x100  <Block tail>
                            - 0x000800  0x100

"A3":                                    0x80
  INTVEC                      0x008000   0x80  <Block>
    .intvec          const    0x008000   0x80  interrupt.o [4]
                            - 0x008080   0x80

"P3":                                   0x45d
  .near_func.text    ro code  0x008080   0xae  stm8l15x_gpio.o [1]
  .near_func.text    ro code  0x00812e   0x9d  main.o [1]
  .near_func.text    ro code  0x0081cb   0x89  stm8l15x_clk.o [1]
  .near_func.text    ro code  0x008254   0x67  stm8l15x_tim1.o [1]
  .near_func.text    ro code  0x0082bb   0x67  stm8l15x_tim1.o [1]
  .near_func.text    ro code  0x008322   0x65  stm8l15x_tim1.o [1]
  .near_func.text    ro code  0x008387   0x61  stm8l15x_tim1.o [1]
  .near_func.text    ro code  0x0083e8   0x2d  stm8l15x_tim1.o [1]
  .near_func.text    ro code  0x008415   0x28  init_small.o [4]
  .near_func.text    ro code  0x00843d   0x17  init.o [4]
  .iar.init_table    const    0x008454    0xa  - Linker created -
  .near_func.text    ro code  0x00845e   0x18  vreg_util.o [4]
  .near_func.text    ro code  0x008476   0x14  __dbg_xxexit.o [3]
  .near_func.text    ro code  0x00848a   0x13  cstartup.o [4]
  .near_func.text    ro code  0x00849d    0xc  main.o [1]
  .near_func.text    ro code  0x0084a9    0xb  main.o [1]
  .near_func.text    ro code  0x0084b4    0x9  main.o [1]
  .near_func.text    ro code  0x0084bd    0x8  short.o [4]
  .near_func.text    ro code  0x0084c5    0x5  cexit.o [4]
  .near_func.text    ro code  0x0084ca    0x3  interrupt.o [4]
  .near_func.text    ro code  0x0084cd    0x3  low_level_init.o [4]
  .near_func.text    ro code  0x0084d0    0x3  exit.o [4]
  .near_func.text    ro code  0x0084d3    0x3  unhandled_exception.o [4]
  .near_func.text    ro code  0x0084d6    0x1  __dbg_break.o [3]
  Initializer bytes  ro data  0x0084d7    0x6  <for P2 s0>
                            - 0x0084dd  0x45d


*******************************************************************************
*** INIT TABLE
***

          Address   Size
          -------   ----
Copy (__iar_copy_init2)
    1 source range, total size 0x6:
          0x0084d7   0x6
    1 destination range, total size 0x6:
          0x00000c   0x6


*******************************************************************************
*** MODULE SUMMARY
***

    Module                 ro code  ro data  rw data
    ------                 -------  -------  -------
F:\Skydrive\Final Design\Servo Motor STM8L\Debug\Obj: [1]
    main.o                     189        6        6
    stm8l15x_clk.o             137
    stm8l15x_gpio.o            174
    stm8l15x_tim1.o            449
    ------------------------------------------------
    Total:                     949        6        6

command line: [2]
    ------------------------------------------------
    Total:

dbgstm8smd.a: [3]
    __dbg_break.o                1
    __dbg_xxexit.o              20
    ------------------------------------------------
    Total:                      21

dlstm8smn.a: [4]
    cexit.o                      5
    cstartup.o                  19
    exit.o                       3
    init.o                      23
    init_small.o                40
    interrupt.o                  3      128
    low_level_init.o             3
    short.o                      8
    unhandled_exception.o        3
    vreg_util.o                 24
    vregs.o                                       12
    ------------------------------------------------
    Total:                     131      128       12

    Linker created                       10      256
----------------------------------------------------
    Grand Total:             1 101      144      274


*******************************************************************************
*** ENTRY LIST
***

Entry                   Address  Size  Type      Object
-----                   -------  ----  ----      ------
?b0                    0x000000        Data  Gb  vregs.o [4]
?b1                    0x000001        Data  Gb  vregs.o [4]
?b10                   0x00000a        Data  Gb  vregs.o [4]
?b11                   0x00000b        Data  Gb  vregs.o [4]
?b2                    0x000002        Data  Gb  vregs.o [4]
?b3                    0x000003        Data  Gb  vregs.o [4]
?b4                    0x000004        Data  Gb  vregs.o [4]
?b5                    0x000005        Data  Gb  vregs.o [4]
?b6                    0x000006        Data  Gb  vregs.o [4]
?b7                    0x000007        Data  Gb  vregs.o [4]
?b8                    0x000008        Data  Gb  vregs.o [4]
?b9                    0x000009        Data  Gb  vregs.o [4]
?e0                    0x000001        Data  Gb  vregs.o [4]
?e1                    0x000005        Data  Gb  vregs.o [4]
?e2                    0x000009        Data  Gb  vregs.o [4]
?l0                    0x000000        Data  Gb  vregs.o [4]
?l1                    0x000004        Data  Gb  vregs.o [4]
?l2                    0x000008        Data  Gb  vregs.o [4]
?push_w4               0x00845e        Code  Gb  vreg_util.o [4]
?sll16_x_x_a           0x0084bd        Code  Gb  short.o [4]
?w0                    0x000000        Data  Gb  vregs.o [4]
?w1                    0x000002        Data  Gb  vregs.o [4]
?w2                    0x000004        Data  Gb  vregs.o [4]
?w3                    0x000006        Data  Gb  vregs.o [4]
?w4                    0x000008        Data  Gb  vregs.o [4]
?w5                    0x00000a        Data  Gb  vregs.o [4]
CCR1_Val               0x00000c   0x2  Data  Gb  main.o [1]
CCR2_Val               0x00000e   0x2  Data  Gb  main.o [1]
CCR3_Val               0x000010   0x2  Data  Gb  main.o [1]
CLK_Config             0x0084b4   0x9  Code  Lc  main.o [1]
CLK_PeripheralClockConfig
                       0x0081cb  0x89  Code  Gb  stm8l15x_clk.o [1]
CSTACK$$Base           0x000700         --   Gb  - Linker created -
CSTACK$$Limit          0x000800         --   Gb  - Linker created -
GPIO_Config            0x00849d   0xc  Code  Lc  main.o [1]
GPIO_Init              0x008080  0xae  Code  Gb  stm8l15x_gpio.o [1]
INTVEC$$Base           0x008000         --   Gb  - Linker created -
INTVEC$$Limit          0x008080         --   Gb  - Linker created -
Region$$Table$$Base    0x008454         --   Gb  - Linker created -
Region$$Table$$Limit   0x00845e         --   Gb  - Linker created -
TIM1_ARRPreloadConfig  0x0083ae   0xd  Code  Gb  stm8l15x_tim1.o [1]
TIM1_Cmd               0x0083db   0xd  Code  Gb  stm8l15x_tim1.o [1]
TIM1_Config            0x00812e  0x9d  Code  Lc  main.o [1]
TIM1_CtrlPWMOutputs    0x0083ce   0xd  Code  Gb  stm8l15x_tim1.o [1]
TIM1_ITConfig          0x0083bb  0x13  Code  Gb  stm8l15x_tim1.o [1]
TIM1_OC1Init           0x008254  0x67  Code  Gb  stm8l15x_tim1.o [1]
TIM1_OC1PreloadConfig  0x0083a1   0xd  Code  Gb  stm8l15x_tim1.o [1]
TIM1_OC2Init           0x008322  0x65  Code  Gb  stm8l15x_tim1.o [1]
TIM1_OC2PreloadConfig  0x008394   0xd  Code  Gb  stm8l15x_tim1.o [1]
TIM1_OC3Init           0x0082bb  0x67  Code  Gb  stm8l15x_tim1.o [1]
TIM1_OC3PreloadConfig  0x008387   0xd  Code  Gb  stm8l15x_tim1.o [1]
TIM1_TimeBaseInit      0x0083e8  0x2d  Code  Gb  stm8l15x_tim1.o [1]
__DebugBreak           0x0084d6   0x1  Code  Gb  __dbg_break.o [3]
__exit                 0x008476  0x14  Code  Gb  __dbg_xxexit.o [3]
__iar_copy_init2       0x008415        Code  Gb  init_small.o [4]
__iar_data_init2       0x00843d  0x17  Code  Gb  init.o [4]
__iar_program_start    0x00848a        Code  Gb  cstartup.o [4]
__iar_unhandled_exception
                       0x0084d3        Code  Gb  unhandled_exception.o [4]
__intvec               0x008000        Data  Gb  interrupt.o [4]
__low_level_init       0x0084cd   0x3  Code  Gb  low_level_init.o [4]
_exit                  0x0084c5        Code  Gb  cexit.o [4]
_interrupt_1           0x0084ca        Code  Wk  interrupt.o [4]
_interrupt_10          0x0084ca        Code  Wk  interrupt.o [4]
_interrupt_11          0x0084ca        Code  Wk  interrupt.o [4]
_interrupt_12          0x0084ca        Code  Wk  interrupt.o [4]
_interrupt_13          0x0084ca        Code  Wk  interrupt.o [4]
_interrupt_14          0x0084ca        Code  Wk  interrupt.o [4]
_interrupt_15          0x0084ca        Code  Wk  interrupt.o [4]
_interrupt_16          0x0084ca        Code  Wk  interrupt.o [4]
_interrupt_17          0x0084ca        Code  Wk  interrupt.o [4]
_interrupt_18          0x0084ca        Code  Wk  interrupt.o [4]
_interrupt_19          0x0084ca        Code  Wk  interrupt.o [4]
_interrupt_2           0x0084ca        Code  Wk  interrupt.o [4]
_interrupt_20          0x0084ca        Code  Wk  interrupt.o [4]
_interrupt_21          0x0084ca        Code  Wk  interrupt.o [4]
_interrupt_22          0x0084ca        Code  Wk  interrupt.o [4]
_interrupt_23          0x0084ca        Code  Wk  interrupt.o [4]
_interrupt_24          0x0084ca        Code  Wk  interrupt.o [4]
_interrupt_25          0x0084ca        Code  Wk  interrupt.o [4]
_interrupt_26          0x0084ca        Code  Wk  interrupt.o [4]
_interrupt_27          0x0084ca        Code  Wk  interrupt.o [4]
_interrupt_28          0x0084ca        Code  Wk  interrupt.o [4]
_interrupt_29          0x0084ca        Code  Wk  interrupt.o [4]
_interrupt_3           0x0084ca        Code  Wk  interrupt.o [4]
_interrupt_30          0x0084ca        Code  Wk  interrupt.o [4]
_interrupt_31          0x0084ca        Code  Wk  interrupt.o [4]
_interrupt_4           0x0084ca        Code  Wk  interrupt.o [4]
_interrupt_5           0x0084ca        Code  Wk  interrupt.o [4]
_interrupt_6           0x0084ca        Code  Wk  interrupt.o [4]
_interrupt_7           0x0084ca        Code  Wk  interrupt.o [4]
_interrupt_8           0x0084ca        Code  Wk  interrupt.o [4]
_interrupt_9           0x0084ca        Code  Wk  interrupt.o [4]
exit                   0x0084d0   0x3  Code  Gb  exit.o [4]
main                   0x0084a9   0xb  Code  Gb  main.o [1]


[1] = F:\Skydrive\Final Design\Servo Motor STM8L\Debug\Obj
[2] = command line
[3] = dbgstm8smd.a
[4] = dlstm8smn.a

  1 101 bytes of readonly  code memory
    144 bytes of readonly  data memory
    274 bytes of readwrite data memory

Errors: none
Warnings: none
