###############################################################################
#                                                                             #
# IAR ELF Linker V1.30.1.50036 for STM8                 12/Mar/2014  22:04:39 #
# Copyright 2010-2011 IAR Systems AB.                                         #
#                                                                             #
#    Output file  =  F:\Skydrive\Final Design\Servo Motor                     #
#                    STM8L\Debug\Exe\Discover.out                             #
#    Map file     =  F:\Skydrive\Final Design\Servo Motor                     #
#                    STM8L\Debug\List\Discover.map                            #
#    Command line =  "F:\Skydrive\Final Design\Servo Motor                    #
#                    STM8L\Debug\Obj\main.o" "F:\Skydrive\Final Design\Servo  #
#                    Motor STM8L\Debug\Obj\stm8l15x_adc.o"                    #
#                    "F:\Skydrive\Final Design\Servo Motor                    #
#                    STM8L\Debug\Obj\stm8l15x_aes.o" "F:\Skydrive\Final       #
#                    Design\Servo Motor STM8L\Debug\Obj\stm8l15x_beep.o"      #
#                    "F:\Skydrive\Final Design\Servo Motor                    #
#                    STM8L\Debug\Obj\stm8l15x_clk.o" "F:\Skydrive\Final       #
#                    Design\Servo Motor STM8L\Debug\Obj\stm8l15x_comp.o"      #
#                    "F:\Skydrive\Final Design\Servo Motor                    #
#                    STM8L\Debug\Obj\stm8l15x_dac.o" "F:\Skydrive\Final       #
#                    Design\Servo Motor STM8L\Debug\Obj\stm8l15x_dma.o"       #
#                    "F:\Skydrive\Final Design\Servo Motor                    #
#                    STM8L\Debug\Obj\stm8l15x_exti.o" "F:\Skydrive\Final      #
#                    Design\Servo Motor STM8L\Debug\Obj\stm8l15x_flash.o"     #
#                    "F:\Skydrive\Final Design\Servo Motor                    #
#                    STM8L\Debug\Obj\stm8l15x_gpio.o" "F:\Skydrive\Final      #
#                    Design\Servo Motor STM8L\Debug\Obj\stm8l15x_i2c.o"       #
#                    "F:\Skydrive\Final Design\Servo Motor                    #
#                    STM8L\Debug\Obj\stm8l15x_irtim.o" "F:\Skydrive\Final     #
#                    Design\Servo Motor STM8L\Debug\Obj\stm8l15x_itc.o"       #
#                    "F:\Skydrive\Final Design\Servo Motor                    #
#                    STM8L\Debug\Obj\stm8l15x_iwdg.o" "F:\Skydrive\Final      #
#                    Design\Servo Motor STM8L\Debug\Obj\stm8l15x_lcd.o"       #
#                    "F:\Skydrive\Final Design\Servo Motor                    #
#                    STM8L\Debug\Obj\stm8l15x_pwr.o" "F:\Skydrive\Final       #
#                    Design\Servo Motor STM8L\Debug\Obj\stm8l15x_rst.o"       #
#                    "F:\Skydrive\Final Design\Servo Motor                    #
#                    STM8L\Debug\Obj\stm8l15x_rtc.o" "F:\Skydrive\Final       #
#                    Design\Servo Motor STM8L\Debug\Obj\stm8l15x_spi.o"       #
#                    "F:\Skydrive\Final Design\Servo Motor                    #
#                    STM8L\Debug\Obj\stm8l15x_syscfg.o" "F:\Skydrive\Final    #
#                    Design\Servo Motor STM8L\Debug\Obj\stm8l15x_tim1.o"      #
#                    "F:\Skydrive\Final Design\Servo Motor                    #
#                    STM8L\Debug\Obj\stm8l15x_tim2.o" "F:\Skydrive\Final      #
#                    Design\Servo Motor STM8L\Debug\Obj\stm8l15x_tim3.o"      #
#                    "F:\Skydrive\Final Design\Servo Motor                    #
#                    STM8L\Debug\Obj\stm8l15x_tim4.o" "F:\Skydrive\Final      #
#                    Design\Servo Motor STM8L\Debug\Obj\stm8l15x_tim5.o"      #
#                    "F:\Skydrive\Final Design\Servo Motor                    #
#                    STM8L\Debug\Obj\stm8l15x_usart.o" "F:\Skydrive\Final     #
#                    Design\Servo Motor STM8L\Debug\Obj\stm8l15x_wfe.o"       #
#                    "F:\Skydrive\Final Design\Servo Motor                    #
#                    STM8L\Debug\Obj\stm8l15x_wwdg.o" --redirect              #
#                    _Printf=_PrintfSmall --redirect _Scanf=_ScanfSmall -o    #
#                    "F:\Skydrive\Final Design\Servo Motor                    #
#                    STM8L\Debug\Exe\Discover.out" --map "F:\Skydrive\Final   #
#                    Design\Servo Motor STM8L\Debug\List\Discover.map"        #
#                    --config "D:\IAR Systems\Embedded Workbench              #
#                    6.0\stm8\config\lnkstm8l152c6.icf" --config_def          #
#                    _CSTACK_SIZE=0x100 --config_def _HEAP_SIZE=0x100         #
#                    --entry __iar_program_start --debug_lib                  #
#                                                                             #
#                                                                             #
###############################################################################

*******************************************************************************
*** RUNTIME MODEL ATTRIBUTES
***

__SystemLibrary            = DLib
__code_model               = small
__core                     = stm8
__data_model               = medium
__dlib_file_descriptor     = 0
__dlib_full_locale_support = 0
__rt_version               = 4


*******************************************************************************
*** PLACEMENT SUMMARY
***

"A1":  place at start of [0x000000-0x0000ff] { rw section .vregs };
"A2":  place at end of [0x000000-0x0007ff] { block CSTACK };
"A3":  place at start of [0x008000-0x00ffff] { block INTVEC };
"P3":  place in [from 0x008000 to 0x00ffff] {
          ro section .far.data_init, ro section .far_func.textrw_init,
          ro section .huge.data_init, ro section .huge_func.textrw_init,
          ro section .iar.init_table, ro section .init_array,
          ro section .near.data_init, ro section .near.rodata,
          ro section .near_func.text, ro section .near_func.textrw_init,
          ro section .tiny.data_init, ro section .tiny.rodata_init };

  Section          Kind      Address   Size  Object
  -------          ----      -------   ----  ------
"A1":                                  0x10
  .vregs           uninit   0x000000   0x10  vregs.o [4]
                          - 0x000010   0x10

"A2":                                 0x100
  CSTACK                    0x000700  0x100  <Block>
    CSTACK         uninit   0x000700  0x100  <Block tail>
                          - 0x000800  0x100

"A3":                                  0x80
  INTVEC                    0x008000   0x80  <Block>
    .intvec        const    0x008000   0x80  interrupt.o [4]
                          - 0x008080   0x80

"P3":                                 0x877
  .near_func.text  ro code  0x008080   0xd9  stm8l15x_usart.o [1]
  .near_func.text  ro code  0x008159   0xc6  vreg_util.o [4]
  .near_func.text  ro code  0x00821f   0xae  stm8l15x_gpio.o [1]
  .near_func.text  ro code  0x0082cd   0x95  stm8l15x_usart.o [1]
  .near_func.text  ro code  0x008362   0x89  stm8l15x_clk.o [1]
  .near_func.text  ro code  0x0083eb   0x7a  stm8l15x_clk.o [1]
  .near_func.text  ro code  0x008465   0x73  main.o [1]
  .near_func.text  ro code  0x0084d8   0x6d  long.o [4]
  .near_func.text  ro code  0x008545   0x62  stm8l15x_syscfg.o [1]
  .near_func.text  ro code  0x0085a7   0x5d  stm8l15x_tim2.o [1]
  .near_func.text  ro code  0x008604   0x4c  stm8l15x_usart.o [1]
  .near_func.text  ro code  0x008650   0x3e  stm8l15x_usart.o [1]
  .near_func.text  ro code  0x00868e   0x37  main.o [1]
  .near_func.text  ro code  0x0086c5   0x36  stm8l15x_tim2.o [1]
  .near_func.text  ro code  0x0086fb   0x2e  main.o [1]
  .near_func.text  ro code  0x008729   0x2a  stm8l15x_tim2.o [1]
  .near_func.text  ro code  0x008753   0x29  main.o [1]
  .near_func.text  ro code  0x00877c   0x22  stm8l15x_usart.o [1]
  .near_func.text  ro code  0x00879e   0x21  stm8l15x_usart.o [1]
  .near_func.text  ro code  0x0087bf   0x20  main.o [1]
  .near_func.text  ro code  0x0087df   0x1f  stm8l15x_gpio.o [1]
  .near_func.text  ro code  0x0087fe   0x1f  stm8l15x_usart.o [1]
  .near_func.text  ro code  0x00881d   0x1f  long_util.o [4]
  .near_func.text  ro code  0x00883c   0x18  main.o [1]
  .near_func.text  ro code  0x008854   0x17  main.o [1]
  .near_func.text  ro code  0x00886b   0x17  init.o [4]
  .near_func.text  ro code  0x008882   0x15  main.o [1]
  .near_func.text  ro code  0x008897   0x14  __dbg_xxexit.o [3]
  .near_func.text  ro code  0x0088ab   0x13  cstartup.o [4]
  .near_func.text  ro code  0x0088be    0xd  short.o [4]
  .near_func.text  ro code  0x0088cb    0x8  main.o [1]
  .near.rodata     const    0x0088d3    0x6  main.o [1]
  .near.rodata     const    0x0088d9    0x5  stm8l15x_clk.o [1]
  .near_func.text  ro code  0x0088de    0x5  cexit.o [4]
  .near_func.text  ro code  0x0088e3    0x3  stm8l15x_usart.o [1]
  .near_func.text  ro code  0x0088e6    0x3  stm8l15x_usart.o [1]
  .near_func.text  ro code  0x0088e9    0x3  interrupt.o [4]
  .near_func.text  ro code  0x0088ec    0x3  low_level_init.o [4]
  .near_func.text  ro code  0x0088ef    0x3  exit.o [4]
  .near_func.text  ro code  0x0088f2    0x3  unhandled_exception.o [4]
  .near_func.text  ro code  0x0088f5    0x1  main.o [1]
  .near_func.text  ro code  0x0088f6    0x1  __dbg_break.o [3]
                          - 0x0088f7  0x877


*******************************************************************************
*** MODULE SUMMARY
***

    Module                 ro code  ro data  rw data
    ------                 -------  -------  -------
F:\Skydrive\Final Design\Servo Motor STM8L\Debug\Obj: [1]
    main.o                     366        6
    stm8l15x_clk.o             259        5
    stm8l15x_gpio.o            205
    stm8l15x_syscfg.o           98
    stm8l15x_tim2.o            189
    stm8l15x_usart.o           608
    ------------------------------------------------
    Total:                   1 725       11

command line: [2]
    ------------------------------------------------
    Total:

dbgstm8smd.a: [3]
    __dbg_break.o                1
    __dbg_xxexit.o              20
    ------------------------------------------------
    Total:                      21

dlstm8smn.a: [4]
    cexit.o                      5
    cstartup.o                  19
    exit.o                       3
    init.o                      23
    interrupt.o                  3      128
    long.o                     109
    long_util.o                 31
    low_level_init.o             3
    short.o                     13
    unhandled_exception.o        3
    vreg_util.o                198
    vregs.o                                       16
    ------------------------------------------------
    Total:                     410      128       16

    Linker created                               256
----------------------------------------------------
    Grand Total:             2 156      139      272


*******************************************************************************
*** ENTRY LIST
***

Entry                     Address  Size  Type      Object
-----                     -------  ----  ----      ------
?b0                      0x000000        Data  Gb  vregs.o [4]
?b1                      0x000001        Data  Gb  vregs.o [4]
?b10                     0x00000a        Data  Gb  vregs.o [4]
?b11                     0x00000b        Data  Gb  vregs.o [4]
?b12                     0x00000c        Data  Gb  vregs.o [4]
?b13                     0x00000d        Data  Gb  vregs.o [4]
?b14                     0x00000e        Data  Gb  vregs.o [4]
?b15                     0x00000f        Data  Gb  vregs.o [4]
?b2                      0x000002        Data  Gb  vregs.o [4]
?b3                      0x000003        Data  Gb  vregs.o [4]
?b4                      0x000004        Data  Gb  vregs.o [4]
?b5                      0x000005        Data  Gb  vregs.o [4]
?b6                      0x000006        Data  Gb  vregs.o [4]
?b7                      0x000007        Data  Gb  vregs.o [4]
?b8                      0x000008        Data  Gb  vregs.o [4]
?b9                      0x000009        Data  Gb  vregs.o [4]
?e0                      0x000001        Data  Gb  vregs.o [4]
?e1                      0x000005        Data  Gb  vregs.o [4]
?e2                      0x000009        Data  Gb  vregs.o [4]
?e3                      0x00000d        Data  Gb  vregs.o [4]
?epilogue_l2             0x0081ed        Code  Gb  vreg_util.o [4]
?epilogue_l2_l3          0x0081ea        Code  Gb  vreg_util.o [4]
?epilogue_l2_w6          0x0081f1        Code  Gb  vreg_util.o [4]
?l0                      0x000000        Data  Gb  vregs.o [4]
?l1                      0x000004        Data  Gb  vregs.o [4]
?l2                      0x000008        Data  Gb  vregs.o [4]
?l3                      0x00000c        Data  Gb  vregs.o [4]
?load32_0x_l0            0x00882e        Code  Gb  long_util.o [4]
?load32_asp_l0           0x008822        Code  Gb  long_util.o [4]
?load32_dbsp_l0          0x00881d        Code  Gb  long_util.o [4]
?load32_xsp_l0           0x008824        Code  Gb  long_util.o [4]
?mov_e0_e2               0x0081fb        Code  Gb  vreg_util.o [4]
?mov_e1_e3               0x008208        Code  Gb  vreg_util.o [4]
?mov_e3_e0               0x008215        Code  Gb  vreg_util.o [4]
?mov_l0_l2               0x0081f8        Code  Gb  vreg_util.o [4]
?mov_l1_l3               0x008205        Code  Gb  vreg_util.o [4]
?mov_l3_l0               0x008212        Code  Gb  vreg_util.o [4]
?mov_w1_w5               0x0081fe        Code  Gb  vreg_util.o [4]
?mov_w3_w7               0x00820b        Code  Gb  vreg_util.o [4]
?mov_w7_w1               0x008218        Code  Gb  vreg_util.o [4]
?pop_l0                  0x0081b6        Code  Gb  vreg_util.o [4]
?pop_l1                  0x0081c1        Code  Gb  vreg_util.o [4]
?pop_l2                  0x0081cc        Code  Gb  vreg_util.o [4]
?pop_l3                  0x0081d7        Code  Gb  vreg_util.o [4]
?pop_w6                  0x008176        Code  Gb  vreg_util.o [4]
?push_l0                 0x008185        Code  Gb  vreg_util.o [4]
?push_l1                 0x00818a        Code  Gb  vreg_util.o [4]
?push_l2                 0x00818f        Code  Gb  vreg_util.o [4]
?push_l3                 0x008194        Code  Gb  vreg_util.o [4]
?push_w4                 0x008159        Code  Gb  vreg_util.o [4]
?push_w6                 0x00815e        Code  Gb  vreg_util.o [4]
?sll16_x_x_a             0x0088be        Code  Gb  short.o [4]
?srl16_x_x_4             0x0088c6        Code  Gb  short.o [4]
?udiv32_l0_l0_l1         0x0084d8        Code  Gb  long.o [4]
?umod32_l1_l0_l1         0x0084d8        Code  Gb  long.o [4]
?w0                      0x000000        Data  Gb  vregs.o [4]
?w1                      0x000002        Data  Gb  vregs.o [4]
?w2                      0x000004        Data  Gb  vregs.o [4]
?w3                      0x000006        Data  Gb  vregs.o [4]
?w4                      0x000008        Data  Gb  vregs.o [4]
?w5                      0x00000a        Data  Gb  vregs.o [4]
?w6                      0x00000c        Data  Gb  vregs.o [4]
?w7                      0x00000e        Data  Gb  vregs.o [4]
CLK_Config               0x0088cb   0x8  Code  Lc  main.o [1]
CLK_GetClockFreq         0x0083eb  0x7a  Code  Gb  stm8l15x_clk.o [1]
CLK_PeripheralClockConfig
                         0x008362  0x89  Code  Gb  stm8l15x_clk.o [1]
CSTACK$$Base             0x000700         --   Gb  - Linker created -
CSTACK$$Limit            0x000800         --   Gb  - Linker created -
Delay                    0x008854  0x17  Code  Gb  main.o [1]
GPIO_Config              0x00883c  0x18  Code  Lc  main.o [1]
GPIO_ExternalPullUpConfig
                         0x0087df  0x1f  Code  Gb  stm8l15x_gpio.o [1]
GPIO_Init                0x00821f  0xae  Code  Gb  stm8l15x_gpio.o [1]
INTVEC$$Base             0x008000         --   Gb  - Linker created -
INTVEC$$Limit            0x008080         --   Gb  - Linker created -
Region$$Table$$Base    0x00000000         --   Gb  - Linker created -
Region$$Table$$Limit   0x00000000         --   Gb  - Linker created -
SYSCFG_REMAPPinConfig    0x008545  0x62  Code  Gb  stm8l15x_syscfg.o [1]
SYSDivFactor             0x0088d9   0x5  Data  Gb  stm8l15x_clk.o [1]
TIM2_Cmd                 0x0086ee   0xd  Code  Gb  stm8l15x_tim2.o [1]
TIM2_Config              0x0086fb  0x2e  Code  Lc  main.o [1]
TIM2_CtrlPWMOutputs      0x0086e1   0xd  Code  Gb  stm8l15x_tim2.o [1]
TIM2_OC1Init             0x0085a7  0x5d  Code  Gb  stm8l15x_tim2.o [1]
TIM2_OC1PreloadConfig    0x0086d4   0xd  Code  Gb  stm8l15x_tim2.o [1]
TIM2_SetCompare1         0x0086c5   0xf  Code  Gb  stm8l15x_tim2.o [1]
TIM2_TimeBaseInit        0x008729  0x2a  Code  Gb  stm8l15x_tim2.o [1]
UART1_RX_IRQHandler      0x00868e  0x37  Code  Gb  main.o [1]
UART1_TX_IRQHandler      0x0088f5   0x1  Code  Gb  main.o [1]
USART_ClearITPendingBit
                         0x0087fe  0x1f  Code  Gb  stm8l15x_usart.o [1]
USART_ClockInit          0x008604  0x4c  Code  Gb  stm8l15x_usart.o [1]
USART_Cmd                0x00879e  0x21  Code  Gb  stm8l15x_usart.o [1]
USART_Config             0x008465  0x73  Code  Lc  main.o [1]
USART_DeInit             0x008650  0x3e  Code  Gb  stm8l15x_usart.o [1]
USART_GetFlagStatus      0x00877c  0x22  Code  Gb  stm8l15x_usart.o [1]
USART_ITConfig           0x0082cd  0x95  Code  Gb  stm8l15x_usart.o [1]
USART_Init               0x008080  0xd9  Code  Gb  stm8l15x_usart.o [1]
USART_ReceiveData8       0x0088e3   0x3  Code  Gb  stm8l15x_usart.o [1]
USART_SendByte           0x008882  0x15  Code  Gb  main.o [1]
USART_SendData8          0x0088e6   0x3  Code  Gb  stm8l15x_usart.o [1]
USART_SendString         0x008753  0x29  Code  Gb  main.o [1]
__DebugBreak             0x0088f6   0x1  Code  Gb  __dbg_break.o [3]
__exit                   0x008897  0x14  Code  Gb  __dbg_xxexit.o [3]
__iar_data_init2         0x00886b  0x17  Code  Gb  init.o [4]
__iar_program_start      0x0088ab        Code  Gb  cstartup.o [4]
__iar_unhandled_exception
                         0x0088f2        Code  Gb  unhandled_exception.o [4]
__intvec                 0x008000        Data  Gb  interrupt.o [4]
__low_level_init         0x0088ec   0x3  Code  Gb  low_level_init.o [4]
_exit                    0x0088de        Code  Gb  cexit.o [4]
_interrupt_1             0x0088e9        Code  Wk  interrupt.o [4]
_interrupt_10            0x0088e9        Code  Wk  interrupt.o [4]
_interrupt_11            0x0088e9        Code  Wk  interrupt.o [4]
_interrupt_12            0x0088e9        Code  Wk  interrupt.o [4]
_interrupt_13            0x0088e9        Code  Wk  interrupt.o [4]
_interrupt_14            0x0088e9        Code  Wk  interrupt.o [4]
_interrupt_15            0x0088e9        Code  Wk  interrupt.o [4]
_interrupt_16            0x0088e9        Code  Wk  interrupt.o [4]
_interrupt_17            0x0088e9        Code  Wk  interrupt.o [4]
_interrupt_18            0x0088e9        Code  Wk  interrupt.o [4]
_interrupt_19            0x0088e9        Code  Wk  interrupt.o [4]
_interrupt_2             0x0088e9        Code  Wk  interrupt.o [4]
_interrupt_20            0x0088e9        Code  Wk  interrupt.o [4]
_interrupt_21            0x0088e9        Code  Wk  interrupt.o [4]
_interrupt_22            0x0088e9        Code  Wk  interrupt.o [4]
_interrupt_23            0x0088e9        Code  Wk  interrupt.o [4]
_interrupt_24            0x0088e9        Code  Wk  interrupt.o [4]
_interrupt_25            0x0088e9        Code  Wk  interrupt.o [4]
_interrupt_26            0x0088e9        Code  Wk  interrupt.o [4]
_interrupt_27            0x0088f5        Code  Gb  main.o [1]
_interrupt_28            0x00868e        Code  Gb  main.o [1]
_interrupt_29            0x0088e9        Code  Wk  interrupt.o [4]
_interrupt_3             0x0088e9        Code  Wk  interrupt.o [4]
_interrupt_30            0x0088e9        Code  Wk  interrupt.o [4]
_interrupt_31            0x0088e9        Code  Wk  interrupt.o [4]
_interrupt_4             0x0088e9        Code  Wk  interrupt.o [4]
_interrupt_5             0x0088e9        Code  Wk  interrupt.o [4]
_interrupt_6             0x0088e9        Code  Wk  interrupt.o [4]
_interrupt_7             0x0088e9        Code  Wk  interrupt.o [4]
_interrupt_8             0x0088e9        Code  Wk  interrupt.o [4]
_interrupt_9             0x0088e9        Code  Wk  interrupt.o [4]
exit                     0x0088ef   0x3  Code  Gb  exit.o [4]
main                     0x0087bf  0x20  Code  Gb  main.o [1]


[1] = F:\Skydrive\Final Design\Servo Motor STM8L\Debug\Obj
[2] = command line
[3] = dbgstm8smd.a
[4] = dlstm8smn.a

  2 156 bytes of readonly  code memory
    139 bytes of readonly  data memory
    272 bytes of readwrite data memory

Errors: none
Warnings: none
