###############################################################################
#                                                                             #
# IAR ELF Linker V1.30.1.50036 for STM8                 21/Apr/2014  16:51:43 #
# Copyright 2010-2011 IAR Systems AB.                                         #
#                                                                             #
#    Output file  =  F:\Skydrive\Final Design\Servo Motor                     #
#                    STM8L\Debug\Exe\Discover.out                             #
#    Map file     =  F:\Skydrive\Final Design\Servo Motor                     #
#                    STM8L\Debug\List\Discover.map                            #
#    Command line =  "F:\Skydrive\Final Design\Servo Motor                    #
#                    STM8L\Debug\Obj\main.o" "F:\Skydrive\Final Design\Servo  #
#                    Motor STM8L\Debug\Obj\stm8l15x_adc.o"                    #
#                    "F:\Skydrive\Final Design\Servo Motor                    #
#                    STM8L\Debug\Obj\stm8l15x_aes.o" "F:\Skydrive\Final       #
#                    Design\Servo Motor STM8L\Debug\Obj\stm8l15x_beep.o"      #
#                    "F:\Skydrive\Final Design\Servo Motor                    #
#                    STM8L\Debug\Obj\stm8l15x_clk.o" "F:\Skydrive\Final       #
#                    Design\Servo Motor STM8L\Debug\Obj\stm8l15x_comp.o"      #
#                    "F:\Skydrive\Final Design\Servo Motor                    #
#                    STM8L\Debug\Obj\stm8l15x_dac.o" "F:\Skydrive\Final       #
#                    Design\Servo Motor STM8L\Debug\Obj\stm8l15x_dma.o"       #
#                    "F:\Skydrive\Final Design\Servo Motor                    #
#                    STM8L\Debug\Obj\stm8l15x_exti.o" "F:\Skydrive\Final      #
#                    Design\Servo Motor STM8L\Debug\Obj\stm8l15x_flash.o"     #
#                    "F:\Skydrive\Final Design\Servo Motor                    #
#                    STM8L\Debug\Obj\stm8l15x_gpio.o" "F:\Skydrive\Final      #
#                    Design\Servo Motor STM8L\Debug\Obj\stm8l15x_i2c.o"       #
#                    "F:\Skydrive\Final Design\Servo Motor                    #
#                    STM8L\Debug\Obj\stm8l15x_irtim.o" "F:\Skydrive\Final     #
#                    Design\Servo Motor STM8L\Debug\Obj\stm8l15x_itc.o"       #
#                    "F:\Skydrive\Final Design\Servo Motor                    #
#                    STM8L\Debug\Obj\stm8l15x_iwdg.o" "F:\Skydrive\Final      #
#                    Design\Servo Motor STM8L\Debug\Obj\stm8l15x_lcd.o"       #
#                    "F:\Skydrive\Final Design\Servo Motor                    #
#                    STM8L\Debug\Obj\stm8l15x_pwr.o" "F:\Skydrive\Final       #
#                    Design\Servo Motor STM8L\Debug\Obj\stm8l15x_rst.o"       #
#                    "F:\Skydrive\Final Design\Servo Motor                    #
#                    STM8L\Debug\Obj\stm8l15x_rtc.o" "F:\Skydrive\Final       #
#                    Design\Servo Motor STM8L\Debug\Obj\stm8l15x_spi.o"       #
#                    "F:\Skydrive\Final Design\Servo Motor                    #
#                    STM8L\Debug\Obj\stm8l15x_syscfg.o" "F:\Skydrive\Final    #
#                    Design\Servo Motor STM8L\Debug\Obj\stm8l15x_tim1.o"      #
#                    "F:\Skydrive\Final Design\Servo Motor                    #
#                    STM8L\Debug\Obj\stm8l15x_tim2.o" "F:\Skydrive\Final      #
#                    Design\Servo Motor STM8L\Debug\Obj\stm8l15x_tim3.o"      #
#                    "F:\Skydrive\Final Design\Servo Motor                    #
#                    STM8L\Debug\Obj\stm8l15x_tim4.o" "F:\Skydrive\Final      #
#                    Design\Servo Motor STM8L\Debug\Obj\stm8l15x_tim5.o"      #
#                    "F:\Skydrive\Final Design\Servo Motor                    #
#                    STM8L\Debug\Obj\stm8l15x_usart.o" "F:\Skydrive\Final     #
#                    Design\Servo Motor STM8L\Debug\Obj\stm8l15x_wfe.o"       #
#                    "F:\Skydrive\Final Design\Servo Motor                    #
#                    STM8L\Debug\Obj\stm8l15x_wwdg.o" --redirect              #
#                    _Printf=_PrintfSmall --redirect _Scanf=_ScanfSmall -o    #
#                    "F:\Skydrive\Final Design\Servo Motor                    #
#                    STM8L\Debug\Exe\Discover.out" --map "F:\Skydrive\Final   #
#                    Design\Servo Motor STM8L\Debug\List\Discover.map"        #
#                    --config "D:\IAR Systems\Embedded Workbench              #
#                    6.0\stm8\config\lnkstm8l152c6.icf" --config_def          #
#                    _CSTACK_SIZE=0x100 --config_def _HEAP_SIZE=0x100         #
#                    --entry __iar_program_start --debug_lib                  #
#                                                                             #
#                                                                             #
###############################################################################

*******************************************************************************
*** RUNTIME MODEL ATTRIBUTES
***

__SystemLibrary            = DLib
__code_model               = small
__core                     = stm8
__data_model               = medium
__dlib_file_descriptor     = 0
__dlib_full_locale_support = 0
__rt_version               = 4


*******************************************************************************
*** PLACEMENT SUMMARY
***

"A1":  place at start of [0x000000-0x0000ff] { rw section .vregs };
"A2":  place at end of [0x000000-0x0007ff] { block CSTACK };
"P2":  place in [from 0x000000 to 0x0007ff] {
          block HEAP, rw section .far.bss, rw section .far.data,
          rw section .far.noinit, rw section .far_func.textrw,
          rw section .huge.bss, rw section .huge.data, rw section .huge.noinit,
          rw section .huge_func.textrw, rw section .iar.dynexit,
          rw section .near.bss, rw section .near.data, rw section .near.noinit,
          rw section .near_func.textrw };
"A3":  place at start of [0x008000-0x00ffff] { block INTVEC };
"P3":  place in [from 0x008000 to 0x00ffff] {
          ro section .far.data_init, ro section .far_func.textrw_init,
          ro section .huge.data_init, ro section .huge_func.textrw_init,
          ro section .iar.init_table, ro section .init_array,
          ro section .near.data_init, ro section .near.rodata,
          ro section .near_func.text, ro section .near_func.textrw_init,
          ro section .tiny.data_init, ro section .tiny.rodata_init };

  Section          Kind      Address   Size  Object
  -------          ----      -------   ----  ------
"A1":                                  0x10
  .vregs           uninit   0x000000   0x10  vregs.o [4]
                          - 0x000010   0x10

"P2":                                  0x1a
  .near.bss        zero     0x000010    0xa  main.o [1]
  .near.bss        zero     0x00001a    0x2  main.o [1]
  .near.bss        zero     0x00001c    0x2  main.o [1]
  .near.bss        zero     0x00001e    0x2  main.o [1]
  .near.bss        zero     0x000020    0x2  main.o [1]
  .near.bss        zero     0x000022    0x2  main.o [1]
  .near.bss        zero     0x000024    0x2  main.o [1]
  .near.bss        zero     0x000026    0x2  main.o [1]
  .near.bss        zero     0x000028    0x1  main.o [1]
  .near.bss        zero     0x000029    0x1  main.o [1]
                          - 0x00002a   0x1a

"A2":                                 0x100
  CSTACK                    0x000700  0x100  <Block>
    CSTACK         uninit   0x000700  0x100  <Block tail>
                          - 0x000800  0x100

"A3":                                  0x80
  INTVEC                    0x008000   0x80  <Block>
    .intvec        const    0x008000   0x80  interrupt.o [4]
                          - 0x008080   0x80

"P3":                                 0x9d9
  .near_func.text  ro code  0x008080   0xd9  stm8l15x_usart.o [1]
  .near_func.text  ro code  0x008159   0xae  stm8l15x_gpio.o [1]
  .near_func.text  ro code  0x008207   0xab  vreg_util.o [4]
  .near_func.text  ro code  0x0082b2   0x95  stm8l15x_usart.o [1]
  .near_func.text  ro code  0x008347   0x8c  main.o [1]
  .near_func.text  ro code  0x0083d3   0x89  stm8l15x_clk.o [1]
  .near_func.text  ro code  0x00845c   0x7b  main.o [1]
  .near_func.text  ro code  0x0084d7   0x7a  stm8l15x_clk.o [1]
  .near_func.text  ro code  0x008551   0x6d  long.o [4]
  .near_func.text  ro code  0x0085be   0x62  stm8l15x_syscfg.o [1]
  .near_func.text  ro code  0x008620   0x5d  stm8l15x_tim2.o [1]
  .near_func.text  ro code  0x00867d   0x4c  stm8l15x_usart.o [1]
  .near_func.text  ro code  0x0086c9   0x49  main.o [1]
  .near_func.text  ro code  0x008712   0x3e  stm8l15x_usart.o [1]
  .near_func.text  ro code  0x008750   0x3c  stm8l15x_tim3.o [1]
  .near_func.text  ro code  0x00878c   0x39  main.o [1]
  .near_func.text  ro code  0x0087c5   0x36  stm8l15x_tim2.o [1]
  .near_func.text  ro code  0x0087fb   0x2e  main.o [1]
  .near_func.text  ro code  0x008829   0x2a  stm8l15x_tim2.o [1]
  .near_func.text  ro code  0x008853   0x2a  stm8l15x_tim3.o [1]
  .near_func.text  ro code  0x00887d   0x26  short.o [4]
  .near_func.text  ro code  0x0088a3   0x24  main.o [1]
  .near_func.text  ro code  0x0088c7   0x23  main.o [1]
  .near_func.text  ro code  0x0088ea   0x21  stm8l15x_usart.o [1]
  .near.rodata     const    0x00890b    0x5  stm8l15x_clk.o [1]
  .iar.init_table  const    0x008910    0x8  - Linker created -
  .near_func.text  ro code  0x008918   0x1f  stm8l15x_gpio.o [1]
  .near_func.text  ro code  0x008937   0x1f  stm8l15x_usart.o [1]
  .near_func.text  ro code  0x008956   0x1f  long_util.o [4]
  .near_func.text  ro code  0x008975   0x1e  init_small.o [4]
  .near_func.text  ro code  0x008993   0x1b  main.o [1]
  .near_func.text  ro code  0x0089ae   0x17  main.o [1]
  .near_func.text  ro code  0x0089c5   0x17  init.o [4]
  .near_func.text  ro code  0x0089dc   0x16  main.o [1]
  .near_func.text  ro code  0x0089f2   0x14  __dbg_xxexit.o [3]
  .near_func.text  ro code  0x008a06   0x13  cstartup.o [4]
  .near_func.text  ro code  0x008a19    0x5  cexit.o [4]
  .near_func.text  ro code  0x008a1e    0x4  stm8l15x_clk.o [1]
  .near_func.text  ro code  0x008a22    0x3  stm8l15x_gpio.o [1]
  .near_func.text  ro code  0x008a25    0x3  stm8l15x_usart.o [1]
  .near_func.text  ro code  0x008a28    0x3  interrupt.o [4]
  .near_func.text  ro code  0x008a2b    0x3  low_level_init.o [4]
  .near_func.text  ro code  0x008a2e    0x3  exit.o [4]
  .near_func.text  ro code  0x008a31    0x3  unhandled_exception.o [4]
  .near_func.text  ro code  0x008a34    0x2  main.o [1]
  .near_func.text  ro code  0x008a36    0x2  main.o [1]
  .near_func.text  ro code  0x008a38    0x2  main.o [1]
  .near_func.text  ro code  0x008a3a    0x2  main.o [1]
  .near_func.text  ro code  0x008a3c    0x2  main.o [1]
  .near_func.text  ro code  0x008a3e    0x2  main.o [1]
  .near_func.text  ro code  0x008a40    0x2  main.o [1]
  .near_func.text  ro code  0x008a42    0x2  main.o [1]
  .near_func.text  ro code  0x008a44    0x2  main.o [1]
  .near_func.text  ro code  0x008a46    0x2  main.o [1]
  .near_func.text  ro code  0x008a48    0x2  main.o [1]
  .near_func.text  ro code  0x008a4a    0x2  main.o [1]
  .near_func.text  ro code  0x008a4c    0x2  main.o [1]
  .near_func.text  ro code  0x008a4e    0x2  main.o [1]
  .near_func.text  ro code  0x008a50    0x2  main.o [1]
  .near_func.text  ro code  0x008a52    0x2  main.o [1]
  .near_func.text  ro code  0x008a54    0x2  main.o [1]
  .near_func.text  ro code  0x008a56    0x1  main.o [1]
  .near_func.text  ro code  0x008a57    0x1  main.o [1]
  .near_func.text  ro code  0x008a58    0x1  __dbg_break.o [3]
                          - 0x008a59  0x9d9


*******************************************************************************
*** INIT TABLE
***

          Address   Size
          -------   ----
Zero (__iar_zero_init2)
    1 destination range, total size 0x1a:
          0x000010  0x1a


*******************************************************************************
*** MODULE SUMMARY
***

    Module                 ro code  ro data  rw data
    ------                 -------  -------  -------
F:\Skydrive\Final Design\Servo Motor STM8L\Debug\Obj: [1]
    main.o                     618                26
    stm8l15x_clk.o             263        5
    stm8l15x_gpio.o            208
    stm8l15x_syscfg.o           98
    stm8l15x_tim2.o            189
    stm8l15x_tim3.o            102
    stm8l15x_usart.o           571
    ------------------------------------------------
    Total:                   2 049        5       26

command line: [2]
    ------------------------------------------------
    Total:

dbgstm8smd.a: [3]
    __dbg_break.o                1
    __dbg_xxexit.o              20
    ------------------------------------------------
    Total:                      21

dlstm8smn.a: [4]
    cexit.o                      5
    cstartup.o                  19
    exit.o                       3
    init.o                      23
    init_small.o                30
    interrupt.o                  3      128
    long.o                     109
    long_util.o                 31
    low_level_init.o             3
    short.o                     38
    unhandled_exception.o        3
    vreg_util.o                171
    vregs.o                                       16
    ------------------------------------------------
    Total:                     438      128       16

    Linker created                        8      256
----------------------------------------------------
    Grand Total:             2 508      141      298


*******************************************************************************
*** ENTRY LIST
***

Entry                    Address  Size  Type      Object
-----                    -------  ----  ----      ------
?b0                     0x000000        Data  Gb  vregs.o [4]
?b1                     0x000001        Data  Gb  vregs.o [4]
?b10                    0x00000a        Data  Gb  vregs.o [4]
?b11                    0x00000b        Data  Gb  vregs.o [4]
?b12                    0x00000c        Data  Gb  vregs.o [4]
?b13                    0x00000d        Data  Gb  vregs.o [4]
?b14                    0x00000e        Data  Gb  vregs.o [4]
?b15                    0x00000f        Data  Gb  vregs.o [4]
?b2                     0x000002        Data  Gb  vregs.o [4]
?b3                     0x000003        Data  Gb  vregs.o [4]
?b4                     0x000004        Data  Gb  vregs.o [4]
?b5                     0x000005        Data  Gb  vregs.o [4]
?b6                     0x000006        Data  Gb  vregs.o [4]
?b7                     0x000007        Data  Gb  vregs.o [4]
?b8                     0x000008        Data  Gb  vregs.o [4]
?b9                     0x000009        Data  Gb  vregs.o [4]
?e0                     0x000001        Data  Gb  vregs.o [4]
?e1                     0x000005        Data  Gb  vregs.o [4]
?e2                     0x000009        Data  Gb  vregs.o [4]
?e3                     0x00000d        Data  Gb  vregs.o [4]
?epilogue_l2            0x008287        Code  Gb  vreg_util.o [4]
?epilogue_l2_l3         0x008284        Code  Gb  vreg_util.o [4]
?l0                     0x000000        Data  Gb  vregs.o [4]
?l1                     0x000004        Data  Gb  vregs.o [4]
?l2                     0x000008        Data  Gb  vregs.o [4]
?l3                     0x00000c        Data  Gb  vregs.o [4]
?load32_0x_l0           0x008967        Code  Gb  long_util.o [4]
?load32_asp_l0          0x00895b        Code  Gb  long_util.o [4]
?load32_dbsp_l0         0x008956        Code  Gb  long_util.o [4]
?load32_xsp_l0          0x00895d        Code  Gb  long_util.o [4]
?mov_e0_e2              0x00828e        Code  Gb  vreg_util.o [4]
?mov_e1_e3              0x00829b        Code  Gb  vreg_util.o [4]
?mov_e3_e0              0x0082a8        Code  Gb  vreg_util.o [4]
?mov_l0_l2              0x00828b        Code  Gb  vreg_util.o [4]
?mov_l1_l3              0x008298        Code  Gb  vreg_util.o [4]
?mov_l3_l0              0x0082a5        Code  Gb  vreg_util.o [4]
?mov_w1_w5              0x008291        Code  Gb  vreg_util.o [4]
?mov_w3_w7              0x00829e        Code  Gb  vreg_util.o [4]
?mov_w7_w1              0x0082ab        Code  Gb  vreg_util.o [4]
?pop_l0                 0x008250        Code  Gb  vreg_util.o [4]
?pop_l1                 0x00825b        Code  Gb  vreg_util.o [4]
?pop_l2                 0x008266        Code  Gb  vreg_util.o [4]
?pop_l3                 0x008271        Code  Gb  vreg_util.o [4]
?push_l0                0x00821f        Code  Gb  vreg_util.o [4]
?push_l1                0x008224        Code  Gb  vreg_util.o [4]
?push_l2                0x008229        Code  Gb  vreg_util.o [4]
?push_l3                0x00822e        Code  Gb  vreg_util.o [4]
?push_w4                0x008207        Code  Gb  vreg_util.o [4]
?sdiv16_x_x_y           0x00887d        Code  Gb  short.o [4]
?sll16_x_x_a            0x008896        Code  Gb  short.o [4]
?srl16_x_x_4            0x00889e        Code  Gb  short.o [4]
?udiv32_l0_l0_l1        0x008551        Code  Gb  long.o [4]
?umod32_l1_l0_l1        0x008551        Code  Gb  long.o [4]
?w0                     0x000000        Data  Gb  vregs.o [4]
?w1                     0x000002        Data  Gb  vregs.o [4]
?w2                     0x000004        Data  Gb  vregs.o [4]
?w3                     0x000006        Data  Gb  vregs.o [4]
?w4                     0x000008        Data  Gb  vregs.o [4]
?w5                     0x00000a        Data  Gb  vregs.o [4]
?w6                     0x00000c        Data  Gb  vregs.o [4]
?w7                     0x00000e        Data  Gb  vregs.o [4]
CLK_Config              0x0089dc  0x16  Code  Lc  main.o [1]
CLK_GetClockFreq        0x0084d7  0x7a  Code  Gb  stm8l15x_clk.o [1]
CLK_PeripheralClockConfig
                        0x0083d3  0x89  Code  Gb  stm8l15x_clk.o [1]
CLK_SYSCLKDivConfig     0x008a1e   0x4  Code  Gb  stm8l15x_clk.o [1]
CSTACK$$Base            0x000700         --   Gb  - Linker created -
CSTACK$$Limit           0x000800         --   Gb  - Linker created -
Delay                   0x0089ae  0x17  Code  Gb  main.o [1]
EXTI0_IRQHandler        0x008a3a   0x2  Code  Gb  main.o [1]
EXTI1_IRQHandler        0x008a56   0x1  Code  Gb  main.o [1]
EXTI2_IRQHandler        0x008a3c   0x2  Code  Gb  main.o [1]
EXTI3_IRQHandler        0x008a3e   0x2  Code  Gb  main.o [1]
EXTI4_IRQHandler        0x008a40   0x2  Code  Gb  main.o [1]
EXTI5_IRQHandler        0x008a42   0x2  Code  Gb  main.o [1]
EXTI6_IRQHandler        0x008a57   0x1  Code  Gb  main.o [1]
EXTI7_IRQHandler        0x008a44   0x2  Code  Gb  main.o [1]
EXTIB_IRQHandler        0x008a36   0x2  Code  Gb  main.o [1]
EXTID_IRQHandler        0x008a38   0x2  Code  Gb  main.o [1]
EXTIE_F_PVD_IRQHandler  0x008a34   0x2  Code  Gb  main.o [1]
GPIO_Config             0x0088a3  0x24  Code  Lc  main.o [1]
GPIO_ExternalPullUpConfig
                        0x008918  0x1f  Code  Gb  stm8l15x_gpio.o [1]
GPIO_Init               0x008159  0xae  Code  Gb  stm8l15x_gpio.o [1]
GPIO_SetBits            0x008a22   0x3  Code  Gb  stm8l15x_gpio.o [1]
I2C1_IRQHandler         0x008a54   0x2  Code  Gb  main.o [1]
INTVEC$$Base            0x008000         --   Gb  - Linker created -
INTVEC$$Limit           0x008080         --   Gb  - Linker created -
Region$$Table$$Base     0x008910         --   Gb  - Linker created -
Region$$Table$$Limit    0x008918         --   Gb  - Linker created -
SPI1_IRQHandler         0x008a52   0x2  Code  Gb  main.o [1]
SYSCFG_REMAPPinConfig   0x0085be  0x62  Code  Gb  stm8l15x_syscfg.o [1]
SYSDivFactor            0x00890b   0x5  Data  Gb  stm8l15x_clk.o [1]
TIM1_CAP_IRQHandler     0x008a4e   0x2  Code  Gb  main.o [1]
TIM1_UPD_OVF_TRG_COM_IRQHandler
                        0x008a4c   0x2  Code  Gb  main.o [1]
TIM2_CAP_IRQHandler     0x008a48   0x2  Code  Gb  main.o [1]
TIM2_Cmd                0x0087ee   0xd  Code  Gb  stm8l15x_tim2.o [1]
TIM2_Config             0x0087fb  0x2e  Code  Lc  main.o [1]
TIM2_CtrlPWMOutputs     0x0087e1   0xd  Code  Gb  stm8l15x_tim2.o [1]
TIM2_OC1Init            0x008620  0x5d  Code  Gb  stm8l15x_tim2.o [1]
TIM2_OC1PreloadConfig   0x0087d4   0xd  Code  Gb  stm8l15x_tim2.o [1]
TIM2_SetCompare1        0x0087c5   0xf  Code  Gb  stm8l15x_tim2.o [1]
TIM2_TimeBaseInit       0x008829  0x2a  Code  Gb  stm8l15x_tim2.o [1]
TIM2_UPD_OVF_TRG_BRK_IRQHandler
                        0x008a46   0x2  Code  Gb  main.o [1]
TIM3_CAP_IRQHandler     0x008a4a   0x2  Code  Gb  main.o [1]
TIM3_Cmd                0x00877f   0xd  Code  Gb  stm8l15x_tim3.o [1]
TIM3_Config             0x0088c7  0x23  Code  Lc  main.o [1]
TIM3_ITConfig           0x00876c  0x13  Code  Gb  stm8l15x_tim3.o [1]
TIM3_SetAutoreload      0x008750   0xf  Code  Gb  stm8l15x_tim3.o [1]
TIM3_TimeBaseInit       0x008853  0x2a  Code  Gb  stm8l15x_tim3.o [1]
TIM3_UPD_OVF_TRG_BRK_IRQHandler
                        0x00878c  0x39  Code  Gb  main.o [1]
TIM3_UpdateDisableConfig
                        0x00875f   0xd  Code  Gb  stm8l15x_tim3.o [1]
TIM4_UPD_OVF_TRG_IRQHandler
                        0x008a50   0x2  Code  Gb  main.o [1]
USART1_RX_IRQHandler    0x008347  0x8c  Code  Gb  main.o [1]
USART1_TX_IRQHandler    0x008993  0x1b  Code  Gb  main.o [1]
USART_ClearITPendingBit
                        0x008937  0x1f  Code  Gb  stm8l15x_usart.o [1]
USART_ClockInit         0x00867d  0x4c  Code  Gb  stm8l15x_usart.o [1]
USART_Cmd               0x0088ea  0x21  Code  Gb  stm8l15x_usart.o [1]
USART_Config            0x00845c  0x7b  Code  Lc  main.o [1]
USART_DeInit            0x008712  0x3e  Code  Gb  stm8l15x_usart.o [1]
USART_ITConfig          0x0082b2  0x95  Code  Gb  stm8l15x_usart.o [1]
USART_Init              0x008080  0xd9  Code  Gb  stm8l15x_usart.o [1]
USART_ReceiveData8      0x008a25   0x3  Code  Gb  stm8l15x_usart.o [1]
__DebugBreak            0x008a58   0x1  Code  Gb  __dbg_break.o [3]
__exit                  0x0089f2  0x14  Code  Gb  __dbg_xxexit.o [3]
__iar_data_init2        0x0089c5  0x17  Code  Gb  init.o [4]
__iar_program_start     0x008a06        Code  Gb  cstartup.o [4]
__iar_unhandled_exception
                        0x008a31        Code  Gb  unhandled_exception.o [4]
__iar_zero_init2        0x008975        Code  Gb  init_small.o [4]
__intvec                0x008000        Data  Gb  interrupt.o [4]
__low_level_init        0x008a2b   0x3  Code  Gb  low_level_init.o [4]
_exit                   0x008a19        Code  Gb  cexit.o [4]
_interrupt_1            0x008a28        Code  Wk  interrupt.o [4]
_interrupt_10           0x008a3a        Code  Gb  main.o [1]
_interrupt_11           0x008a56        Code  Gb  main.o [1]
_interrupt_12           0x008a3c        Code  Gb  main.o [1]
_interrupt_13           0x008a3e        Code  Gb  main.o [1]
_interrupt_14           0x008a40        Code  Gb  main.o [1]
_interrupt_15           0x008a42        Code  Gb  main.o [1]
_interrupt_16           0x008a57        Code  Gb  main.o [1]
_interrupt_17           0x008a44        Code  Gb  main.o [1]
_interrupt_18           0x008a28        Code  Wk  interrupt.o [4]
_interrupt_19           0x008a28        Code  Wk  interrupt.o [4]
_interrupt_2            0x008a28        Code  Wk  interrupt.o [4]
_interrupt_20           0x008a28        Code  Wk  interrupt.o [4]
_interrupt_21           0x008a46        Code  Gb  main.o [1]
_interrupt_22           0x008a48        Code  Gb  main.o [1]
_interrupt_23           0x00878c        Code  Gb  main.o [1]
_interrupt_24           0x008a4a        Code  Gb  main.o [1]
_interrupt_25           0x008a4c        Code  Gb  main.o [1]
_interrupt_26           0x008a4e        Code  Gb  main.o [1]
_interrupt_27           0x008a50        Code  Gb  main.o [1]
_interrupt_28           0x008a52        Code  Gb  main.o [1]
_interrupt_29           0x008993        Code  Gb  main.o [1]
_interrupt_3            0x008a28        Code  Wk  interrupt.o [4]
_interrupt_30           0x008347        Code  Gb  main.o [1]
_interrupt_31           0x008a54        Code  Gb  main.o [1]
_interrupt_4            0x008a28        Code  Wk  interrupt.o [4]
_interrupt_5            0x008a28        Code  Wk  interrupt.o [4]
_interrupt_6            0x008a28        Code  Wk  interrupt.o [4]
_interrupt_7            0x008a34        Code  Gb  main.o [1]
_interrupt_8            0x008a36        Code  Gb  main.o [1]
_interrupt_9            0x008a38        Code  Gb  main.o [1]
config_complete_flag    0x000028   0x1  Data  Gb  main.o [1]
current_buffer_position
                        0x00001a   0x2  Data  Gb  main.o [1]
current_buffer_size     0x00001c   0x2  Data  Gb  main.o [1]
degree_interval         0x00001e   0x2  Data  Gb  main.o [1]
degree_interval_stored  0x000026   0x2  Data  Gb  main.o [1]
exit                    0x008a2e   0x3  Code  Gb  exit.o [4]
main                    0x0086c9  0x49  Code  Gb  main.o [1]
servo_motor_position    0x000024   0x2  Data  Gb  main.o [1]
time_interval           0x000020   0x2  Data  Gb  main.o [1]
time_interval_counter   0x000022   0x2  Data  Gb  main.o [1]
usart_buffer            0x000010   0xa  Data  Gb  main.o [1]
working_flag            0x000029   0x1  Data  Gb  main.o [1]


[1] = F:\Skydrive\Final Design\Servo Motor STM8L\Debug\Obj
[2] = command line
[3] = dbgstm8smd.a
[4] = dlstm8smn.a

  2 508 bytes of readonly  code memory
    141 bytes of readonly  data memory
    298 bytes of readwrite data memory

Errors: none
Warnings: none
