###############################################################################
#                                                                             #
# IAR C/C++ Compiler V1.30.1.50036 for STM8             21/Apr/2014  17:47:50 #
# Copyright 2010-2011 IAR Systems AB.                                         #
#                                                                             #
#    Source file  =  F:\Skydrive\Final Design\Servo Motor                     #
#                    STM8L\Project\Discover\src\main.c                        #
#    Command line =  "F:\Skydrive\Final Design\Servo Motor                    #
#                    STM8L\Project\Discover\src\main.c" -e -Ol --no_cse       #
#                    --no_unroll --no_inline --no_code_motion --no_tbaa       #
#                    --no_cross_call --debug --code_model small --data_model  #
#                    medium -o "F:\Skydrive\Final Design\Servo Motor          #
#                    STM8L\Debug\Obj\" --dlib_config "D:\IAR                  #
#                    Systems\Embedded Workbench 6.0\stm8\LIB\dlstm8smn.h" -D  #
#                    STM8L15X_MD -lCN "F:\Skydrive\Final Design\Servo Motor   #
#                    STM8L\Debug\List\" --diag_suppress Pe177,Pe550 -I        #
#                    "F:\Skydrive\Final Design\Servo Motor                    #
#                    STM8L\Project\Discover\inc\" -I "F:\Skydrive\Final       #
#                    Design\Servo Motor STM8L\Libraries\STM8L15x_StdPeriph_Dr #
#                    iver\inc\" --vregs 16                                    #
#    List file    =  F:\Skydrive\Final Design\Servo Motor                     #
#                    STM8L\Debug\List\main.lst                                #
#    Object file  =  F:\Skydrive\Final Design\Servo Motor                     #
#                    STM8L\Debug\Obj\main.o                                   #
#                                                                             #
#                                                                             #
###############################################################################

F:\Skydrive\Final Design\Servo Motor STM8L\Project\Discover\src\main.c
      1          
      2          /* Includes ------------------------------------------------------------------*/
      3          #include "stm8l15x.h"
      4          #include "stm8l15x_it.c"

   \                                 In section .near.rodata, align 1
   \   uint16_t const BUFFER_SIZE
   \                     BUFFER_SIZE:
   \   000000 000A                  DC16 10

   \                                 In section .near.bss, align 1
   \   unsigned char usart_buffer[10]
   \                     usart_buffer:
   \   000000                       DS8 10

   \                                 In section .near.bss, align 1
   \   uint16_t current_buffer_position
   \                     current_buffer_position:
   \   000000                       DS8 2

   \                                 In section .near.bss, align 1
   \   uint16_t current_buffer_size
   \                     current_buffer_size:
   \   000000                       DS8 2

   \                                 In section .near.bss, align 1
   \   short degree_interval
   \                     degree_interval:
   \   000000                       DS8 2

   \                                 In section .near.bss, align 1
   \   short time_interval
   \                     time_interval:
   \   000000                       DS8 2

   \                                 In section .near.bss, align 1
   \   bool config_complete_flag
   \                     config_complete_flag:
   \   000000                       DS8 1

   \                                 In section .near.bss, align 1
   \   bool working_flag
   \                     working_flag:
   \   000000                       DS8 1

   \                                 In section .near.bss, align 1
   \   unsigned int time_interval_counter
   \                     time_interval_counter:
   \   000000                       DS8 2

   \                                 In section .near.bss, align 1
   \   int servo_motor_position
   \                     servo_motor_position:
   \   000000                       DS8 2

   \                                 In section .near.bss, align 1
   \   int degree_interval_stored
   \                     degree_interval_stored:
   \   000000                       DS8 2

   \                                 In section .near_func.text, align 1
   \   __interrupt void EXTIE_F_PVD_IRQHandler(void)
   \                     EXTIE_F_PVD_IRQHandler:
   \                     _interrupt_7:
   \   000000 20FE                  JRA       L:_interrupt_7

   \                                 In section .near_func.text, align 1
   \   __interrupt void EXTIB_IRQHandler(void)
   \                     EXTIB_IRQHandler:
   \                     _interrupt_8:
   \   000000 20FE                  JRA       L:_interrupt_8

   \                                 In section .near_func.text, align 1
   \   __interrupt void EXTID_IRQHandler(void)
   \                     EXTID_IRQHandler:
   \                     _interrupt_9:
   \   000000 20FE                  JRA       L:_interrupt_9

   \                                 In section .near_func.text, align 1
   \   __interrupt void EXTI0_IRQHandler(void)
   \                     EXTI0_IRQHandler:
   \                     _interrupt_10:
   \   000000 20FE                  JRA       L:_interrupt_10

   \                                 In section .near_func.text, align 1
   \   __interrupt void EXTI1_IRQHandler(void)
   \                     EXTI1_IRQHandler:
   \                     _interrupt_11:
   \   000000 80                    IRET

   \                                 In section .near_func.text, align 1
   \   __interrupt void EXTI2_IRQHandler(void)
   \                     EXTI2_IRQHandler:
   \                     _interrupt_12:
   \   000000 20FE                  JRA       L:_interrupt_12

   \                                 In section .near_func.text, align 1
   \   __interrupt void EXTI3_IRQHandler(void)
   \                     EXTI3_IRQHandler:
   \                     _interrupt_13:
   \   000000 20FE                  JRA       L:_interrupt_13

   \                                 In section .near_func.text, align 1
   \   __interrupt void EXTI4_IRQHandler(void)
   \                     EXTI4_IRQHandler:
   \                     _interrupt_14:
   \   000000 20FE                  JRA       L:_interrupt_14

   \                                 In section .near_func.text, align 1
   \   __interrupt void EXTI5_IRQHandler(void)
   \                     EXTI5_IRQHandler:
   \                     _interrupt_15:
   \   000000 20FE                  JRA       L:_interrupt_15

   \                                 In section .near_func.text, align 1
   \   __interrupt void EXTI6_IRQHandler(void)
   \                     EXTI6_IRQHandler:
   \                     _interrupt_16:
   \   000000 80                    IRET

   \                                 In section .near_func.text, align 1
   \   __interrupt void EXTI7_IRQHandler(void)
   \                     EXTI7_IRQHandler:
   \                     _interrupt_17:
   \   000000 20FE                  JRA       L:_interrupt_17

   \                                 In section .near_func.text, align 1
   \   __interrupt void TIM2_UPD_OVF_TRG_BRK_IRQHandler(void)
   \                     TIM2_UPD_OVF_TRG_BRK_IRQHandler:
   \                     _interrupt_21:
   \   000000 20FE                  JRA       L:_interrupt_21

   \                                 In section .near_func.text, align 1
   \   __interrupt void TIM2_CAP_IRQHandler(void)
   \                     TIM2_CAP_IRQHandler:
   \                     _interrupt_22:
   \   000000 20FE                  JRA       L:_interrupt_22

   \                                 In section .near_func.text, align 1
   \   __interrupt void TIM3_UPD_OVF_TRG_BRK_IRQHandler(void)
   \                     TIM3_UPD_OVF_TRG_BRK_IRQHandler:
   \                     _interrupt_23:
   \   000000 8A                    PUSH      CC
   \   000001 84                    POP       A
   \   000002 A4BF                  AND       A, #0xbf
   \   000004 88                    PUSH      A
   \   000005 86                    POP       CC
   \   000006 CD0000                CALL      L:?push_l0
   \   000009 CD0000                CALL      L:?push_l1
   \   00000C C60000                LD        A, L:working_flag
   \   00000F A100                  CP        A, #0x0
   \   000011 2733                  JREQ      L:??TIM3_UPD_OVF_TRG_BRK_IRQHandler_0
   \   000013 CE0000                LDW       X, L:time_interval_counter
   \   000016 5C                    INCW      X
   \   000017 CF0000                LDW       L:time_interval_counter, X
   \   00001A CE0000                LDW       X, L:time_interval_counter
   \   00001D C30000                CPW       X, L:time_interval
   \   000020 2524                  JRC       L:??TIM3_UPD_OVF_TRG_BRK_IRQHandler_0
   \   000022 5F                    CLRW      X
   \   000023 CF0000                LDW       L:time_interval_counter, X
   \   000026 CE0000                LDW       X, L:servo_motor_position
   \   000029 A31388                CPW       X, #0x1388
   \   00002C 2E0C                  JRSGE     L:??TIM3_UPD_OVF_TRG_BRK_IRQHandler_1
   \   00002E CE0000                LDW       X, L:degree_interval_stored
   \   000031 72BB0000              ADDW      X, L:servo_motor_position
   \   000035 CF0000                LDW       L:servo_motor_position, X
   \   000038 2006                  JRA       L:??TIM3_UPD_OVF_TRG_BRK_IRQHandler_2
   \                     ??TIM3_UPD_OVF_TRG_BRK_IRQHandler_1:
   \   00003A AE1388                LDW       X, #0x1388
   \   00003D CF0000                LDW       L:servo_motor_position, X
   \                     ??TIM3_UPD_OVF_TRG_BRK_IRQHandler_2:
   \   000040 CE0000                LDW       X, L:servo_motor_position
   \   000043 CD0000                CALL      L:TIM2_SetCompare1
   \                     ??TIM3_UPD_OVF_TRG_BRK_IRQHandler_0:
   \   000046 A601                  LD        A, #0x1
   \   000048 CD0000                CALL      L:TIM3_ClearITPendingBit
   \   00004B CD0000                CALL      L:?pop_l1
   \   00004E CD0000                CALL      L:?pop_l0
   \   000051 80                    IRET

   \                                 In section .near_func.text, align 1
   \   __interrupt void TIM3_CAP_IRQHandler(void)
   \                     TIM3_CAP_IRQHandler:
   \                     _interrupt_24:
   \   000000 20FE                  JRA       L:_interrupt_24

   \                                 In section .near_func.text, align 1
   \   __interrupt void TIM1_UPD_OVF_TRG_COM_IRQHandler(void)
   \                     TIM1_UPD_OVF_TRG_COM_IRQHandler:
   \                     _interrupt_25:
   \   000000 20FE                  JRA       L:_interrupt_25

   \                                 In section .near_func.text, align 1
   \   __interrupt void TIM1_CAP_IRQHandler(void)
   \                     TIM1_CAP_IRQHandler:
   \                     _interrupt_26:
   \   000000 20FE                  JRA       L:_interrupt_26

   \                                 In section .near_func.text, align 1
   \   __interrupt void TIM4_UPD_OVF_TRG_IRQHandler(void)
   \                     TIM4_UPD_OVF_TRG_IRQHandler:
   \                     _interrupt_27:
   \   000000 20FE                  JRA       L:_interrupt_27

   \                                 In section .near_func.text, align 1
   \   __interrupt void SPI1_IRQHandler(void)
   \                     SPI1_IRQHandler:
   \                     _interrupt_28:
   \   000000 20FE                  JRA       L:_interrupt_28

   \                                 In section .near_func.text, align 1
   \   __interrupt void USART1_TX_IRQHandler(void)
   \                     USART1_TX_IRQHandler:
   \                     _interrupt_29:
   \   000000 8A                    PUSH      CC
   \   000001 84                    POP       A
   \   000002 A4BF                  AND       A, #0xbf
   \   000004 88                    PUSH      A
   \   000005 86                    POP       CC
   \   000006 CD0000                CALL      L:?push_l0
   \   000009 CD0000                CALL      L:?push_l1
   \   00000C A680                  LD        A, #0x80
   \   00000E AE500A                LDW       X, #0x500a
   \   000011 CD0000                CALL      L:GPIO_SetBits
   \   000014 CD0000                CALL      L:?pop_l1
   \   000017 CD0000                CALL      L:?pop_l0
   \   00001A 80                    IRET

   \                                 In section .near_func.text, align 1
   \   __interrupt void USART1_RX_IRQHandler(void)
   \                     USART1_RX_IRQHandler:
   \                     _interrupt_30:
   \   000000 8A                    PUSH      CC
   \   000001 84                    POP       A
   \   000002 A4BF                  AND       A, #0xbf
   \   000004 88                    PUSH      A
   \   000005 86                    POP       CC
   \   000006 CD0000                CALL      L:?push_l0
   \   000009 CD0000                CALL      L:?push_l1
   \   00000C AE5230                LDW       X, #0x5230
   \   00000F CD0000                CALL      L:USART_ReceiveData8
   \   000012 A144                  CP        A, #0x44
   \   000014 260E                  JRNE      L:??USART1_RX_IRQHandler_0
   \   000016 C70000                LD        L:usart_buffer, A
   \   000019 5F                    CLRW      X
   \   00001A 5C                    INCW      X
   \   00001B CF0000                LDW       L:current_buffer_position, X
   \   00001E 35000000              MOV       L:config_complete_flag, #0x0
   \   000022 2051                  JRA       L:??USART1_RX_IRQHandler_1
   \                     ??USART1_RX_IRQHandler_0:
   \   000024 A154                  CP        A, #0x54
   \   000026 260F                  JRNE      L:??USART1_RX_IRQHandler_2
   \   000028 C70000                LD        L:usart_buffer + 2, A
   \   00002B AE0003                LDW       X, #0x3
   \   00002E CF0000                LDW       L:current_buffer_position, X
   \   000031 35000000              MOV       L:config_complete_flag, #0x0
   \   000035 203E                  JRA       L:??USART1_RX_IRQHandler_1
   \                     ??USART1_RX_IRQHandler_2:
   \   000037 A144                  CP        A, #0x44
   \   000039 2715                  JREQ      L:??USART1_RX_IRQHandler_3
   \   00003B A154                  CP        A, #0x54
   \   00003D 2711                  JREQ      L:??USART1_RX_IRQHandler_3
   \   00003F CE0000                LDW       X, L:current_buffer_position
   \   000042 A30001                CPW       X, #0x1
   \   000045 2609                  JRNE      L:??USART1_RX_IRQHandler_3
   \   000047 C70000                LD        L:usart_buffer + 1, A
   \   00004A 35000000              MOV       L:config_complete_flag, #0x0
   \   00004E 2025                  JRA       L:??USART1_RX_IRQHandler_1
   \                     ??USART1_RX_IRQHandler_3:
   \   000050 A144                  CP        A, #0x44
   \   000052 2719                  JREQ      L:??USART1_RX_IRQHandler_4
   \   000054 A154                  CP        A, #0x54
   \   000056 2715                  JREQ      L:??USART1_RX_IRQHandler_4
   \   000058 CE0000                LDW       X, L:current_buffer_position
   \   00005B A30003                CPW       X, #0x3
   \   00005E 260D                  JRNE      L:??USART1_RX_IRQHandler_4
   \   000060 C70000                LD        L:usart_buffer + 3, A
   \   000063 35010000              MOV       L:config_complete_flag, #0x1
   \   000067 5F                    CLRW      X
   \   000068 CF0000                LDW       L:current_buffer_position, X
   \   00006B 2008                  JRA       L:??USART1_RX_IRQHandler_1
   \                     ??USART1_RX_IRQHandler_4:
   \   00006D 35000000              MOV       L:config_complete_flag, #0x0
   \   000071 5F                    CLRW      X
   \   000072 CF0000                LDW       L:current_buffer_position, X
   \                     ??USART1_RX_IRQHandler_1:
   \   000075 C60000                LD        A, L:usart_buffer + 1
   \   000078 5F                    CLRW      X
   \   000079 97                    LD        XL, A
   \   00007A CF0000                LDW       L:degree_interval, X
   \   00007D C60000                LD        A, L:usart_buffer + 3
   \   000080 5F                    CLRW      X
   \   000081 97                    LD        XL, A
   \   000082 CF0000                LDW       L:time_interval, X
   \   000085 CD0000                CALL      L:?pop_l1
   \   000088 CD0000                CALL      L:?pop_l0
   \   00008B 80                    IRET

   \                                 In section .near_func.text, align 1
   \   __interrupt void I2C1_IRQHandler(void)
   \                     I2C1_IRQHandler:
   \                     _interrupt_31:
   \   000000 20FE                  JRA       L:_interrupt_31
      5          
      6          /* Private typedef -----------------------------------------------------------*/
      7          /* Private define ------------------------------------------------------------*/
      8          #define TIM2_PERIOD             65535
      9          #define TIM2_PRESCALER              39999
     10          #define TIM2_REPTETION_COUNTER      0
     11          #define BUFFER_SIZE  10   
     12          /* Private macro -------------------------------------------------------------*/
     13          /* Private variables ---------------------------------------------------------*/

   \                                 In section .near.data, align 1
     14          __IO uint16_t CCR1_Val = 30000;
   \                     CCR1_Val:
   \   000000 7530                  DC16 30000

   \                                 In section .near.data, align 1
     15          __IO uint16_t CCR2_Val = 16384;
   \                     CCR2_Val:
   \   000000 4000                  DC16 16384

   \                                 In section .near.data, align 1
     16          __IO uint16_t CCR3_Val = 8192;
   \                     CCR3_Val:
   \   000000 2000                  DC16 8192
     17          
     18          extern unsigned char usart_buffer[BUFFER_SIZE];
     19          extern uint16_t current_buffer_size;
     20          extern uint16_t current_buffer_position;
     21          extern short degree_interval;                 //store degree interval info
     22          extern short time_interval;                   //store time interval number
     23          extern bool config_complete_flag;             //true if config transmited 
     24          extern bool working_flag;                     //true if servo motor under working
     25          extern unsigned int time_interval_counter;    //count when 100 ms interrupt occur
     26          extern int servo_motor_position;              //store the current degree of servo motor
     27          extern int degree_interval_stored;  

   \                                 In section .near.rodata, align 1
     28          extern const uint8_t ERROR_MESSAGE[5] = "ERROR";
   \                     ERROR_MESSAGE:
   \   000000 4552524F52            DC8 45H, 52H, 52H, 4FH, 52H
     29          
     30          /* Private function prototypes -----------------------------------------------*/
     31          static void CLK_Config(void);
     32          static void GPIO_Config(void);
     33          static void TIM2_Config(void);
     34          static void TIM3_Config(void);
     35          static void USART_Config(void);
     36          
     37          extern void USART_SendByte(uint8_t data);
     38          extern void USART_SendString(uint8_t* Data, uint16_t len);
     39          extern uint8_t USART_ReceiveByte(void);
     40          void Delay(int);
     41          /* Private functions ---------------------------------------------------------*/
     42          
     43          /**
     44            * @brief  Main program.
     45            * @param  None
     46            * @retval None
     47            */

   \                                 In section .near_func.text, align 1
     48          void main(void)
     49          {
     50             
     51            CLK_Config(); 
   \                     main:
   \   000000 CD0000                CALL      L:CLK_Config
     52            GPIO_Config();  
   \   000003 CD0000                CALL      L:GPIO_Config
     53            TIM3_Config();       //to generate 100 ms interrupt
   \   000006 CD0000                CALL      L:TIM3_Config
     54            TIM2_Config();       //to generate PWM to control servo motor
   \   000009 CD0000                CALL      L:TIM2_Config
     55            USART_Config();
   \   00000C CD0000                CALL      L:USART_Config
     56            
     57            
     58            uint8_t Buf = 0;
   \   00000F 4F                    CLR       A
     59            working_flag = FALSE;
   \   000010 35000000              MOV       L:working_flag, #0x0
     60            config_complete_flag = FALSE;
   \   000014 35000000              MOV       L:config_complete_flag, #0x0
     61            time_interval_counter = 0;
   \   000018 5F                    CLRW      X
   \   000019 CF0000                LDW       L:time_interval_counter, X
     62            servo_motor_position = 1000;
   \   00001C AE03E8                LDW       X, #0x3e8
   \   00001F CF0000                LDW       L:servo_motor_position, X
     63            
     64            enableInterrupts();
   \   000022 9A                    rim
     65            
     66            while (1)
     67            {
     68              if(!working_flag)
   \                     ??main_0:
   \   000023 C60000                LD        A, L:working_flag
   \   000026 A100                  CP        A, #0x0
   \   000028 26F9                  JRNE      L:??main_0
     69              {
     70                if(config_complete_flag)
   \   00002A C60000                LD        A, L:config_complete_flag
   \   00002D A100                  CP        A, #0x0
   \   00002F 27F2                  JREQ      L:??main_0
     71                {
     72                  TIM2_SetCompare1(servo_motor_position);
   \   000031 CE0000                LDW       X, L:servo_motor_position
   \   000034 CD0000                CALL      L:TIM2_SetCompare1
     73                  //Delay(1000);
     74                  degree_interval_stored = 4000 / degree_interval;
   \   000037 90CE0000              LDW       Y, L:degree_interval
   \   00003B AE0FA0                LDW       X, #0xfa0
   \   00003E CD0000                CALL      L:?sdiv16_x_x_y
   \   000041 CF0000                LDW       L:degree_interval_stored, X
     75                  working_flag = TRUE;
   \   000044 35010000              MOV       L:working_flag, #0x1
   \   000048 20D9                  JRA       L:??main_0
     76                  //TIM3_Cmd(ENABLE);
     77                } 
     78              }
     79            }
     80          }
     81          
     82          /**
     83            * @brief  Configure peripherals 
     84            */

   \                                 In section .near_func.text, align 1
     85          static void CLK_Config(void)
     86          {
     87            /* Enable TIM1 clock */
     88            CLK_SYSCLKDivConfig(CLK_SYSCLKDiv_8);
   \                     CLK_Config:
   \   000000 A603                  LD        A, #0x3
   \   000002 CD0000                CALL      L:CLK_SYSCLKDivConfig
     89            CLK_PeripheralClockConfig(CLK_Peripheral_TIM2, ENABLE);
   \   000005 35010000              MOV       S:?b0, #0x1
   \   000009 4F                    CLR       A
   \   00000A CD0000                CALL      L:CLK_PeripheralClockConfig
     90            CLK_PeripheralClockConfig(CLK_Peripheral_TIM3, ENABLE);
   \   00000D 35010000              MOV       S:?b0, #0x1
   \   000011 A601                  LD        A, #0x1
   \   000013 CC0000                JP        L:CLK_PeripheralClockConfig
     91          }
     92          

   \                                 In section .near_func.text, align 1
     93          static void GPIO_Config(void)
     94          {
     95            /* GPIOD configuration: TIM1 channel 1 (PD2), channel 2 (PD4) and channel 3 (PD5) */
     96            GPIO_Init(GPIOB, GPIO_Pin_0, GPIO_Mode_Out_PP_Low_Fast);
   \                     GPIO_Config:
   \   000000 35E00000              MOV       S:?b0, #0xe0
   \   000004 A601                  LD        A, #0x1
   \   000006 AE5005                LDW       X, #0x5005
   \   000009 CD0000                CALL      L:GPIO_Init
     97            GPIO_Init(GPIOE, GPIO_Pin_7, GPIO_Mode_Out_PP_Low_Fast);  
   \   00000C 35E00000              MOV       S:?b0, #0xe0
   \   000010 A680                  LD        A, #0x80
   \   000012 AE5014                LDW       X, #0x5014
   \   000015 CD0000                CALL      L:GPIO_Init
     98            GPIO_Init(GPIOC, GPIO_Pin_7, GPIO_Mode_Out_PP_Low_Fast);
   \   000018 35E00000              MOV       S:?b0, #0xe0
   \   00001C A680                  LD        A, #0x80
   \   00001E AE500A                LDW       X, #0x500a
   \   000021 CC0000                JP        L:GPIO_Init
     99            //GPIO_SetBits(GPIOE, GPIO_Pin_7);
    100          }
    101          

   \                                 In section .near_func.text, align 1
    102          static void TIM2_Config(void)
    103          {
    104            /*
    105            - TIM2CLK = 2 MHz
    106            - TIM2 counter clock = TIM1CLK / TIM1_PRESCALER+1 = 2 MHz/39999+1 = 50 Hz
    107            - x / 40000 * 20 = time of high (ms)
    108            - servo motor 0.5 ms -> 0   degree x = 1000
    109            - servo motor 1.0 ms -> 45  degree x = 2000
    110            - servo motor 1.5 ms -> 90  degree x = 3000
    111            - servo motor 2.0 ms -> 135 degree x = 4000
    112            - servo motor 2.5 ms -> 180 degree x = 5000
    113            */
    114            /*
    115            - The TIM2 CCR1 register value is equal to 3000: 
    116            - So the TIM2 Channel 1 generates a periodic signal with a frequency equal to 50 Hz.
    117            - PB0
    118            */
    119            /* PWM1 Mode configuration: Channel1 */
    120            TIM2_TimeBaseInit(TIM2_Prescaler_1, TIM2_CounterMode_Up, 39999);
   \                     TIM2_Config:
   \   000000 AE9C3F                LDW       X, #0x9c3f
   \   000003 3F00                  CLR       S:?b0
   \   000005 4F                    CLR       A
   \   000006 CD0000                CALL      L:TIM2_TimeBaseInit
    121            TIM2_OC1Init(TIM2_OCMode_PWM1, TIM2_OutputState_Enable, 0, TIM2_OCPolarity_High, TIM2_OCIdleState_Set);
   \   000009 35010000              MOV       S:?b2, #0x1
   \   00000D 3F00                  CLR       S:?b1
   \   00000F 5F                    CLRW      X
   \   000010 35010000              MOV       S:?b0, #0x1
   \   000014 A660                  LD        A, #0x60
   \   000016 CD0000                CALL      L:TIM2_OC1Init
    122            TIM2_OC1PreloadConfig(ENABLE);
   \   000019 A601                  LD        A, #0x1
   \   00001B CD0000                CALL      L:TIM2_OC1PreloadConfig
    123            TIM2_CtrlPWMOutputs(ENABLE);
   \   00001E A601                  LD        A, #0x1
   \   000020 CD0000                CALL      L:TIM2_CtrlPWMOutputs
    124            TIM2_SetCompare1(3000);           //on 90 degree
   \   000023 AE0BB8                LDW       X, #0xbb8
   \   000026 CD0000                CALL      L:TIM2_SetCompare1
    125            TIM2_Cmd(ENABLE);
   \   000029 A601                  LD        A, #0x1
   \   00002B CC0000                JP        L:TIM2_Cmd
    126          }
    127          
    128          

   \                                 In section .near_func.text, align 1
    129          static void TIM3_Config(void)
    130          {
    131            /*
    132            - interrupt every 100 ms
    133            - let servo motor behave every time_interval * 100 ms
    134            - 2M/(Prescaler*3125) = 10Hz
    135            - 
    136            */
    137            
    138            TIM3_TimeBaseInit(TIM3_Prescaler_64, TIM3_CounterMode_Up, 3125);
   \                     TIM3_Config:
   \   000000 AE0C35                LDW       X, #0xc35
   \   000003 3F00                  CLR       S:?b0
   \   000005 A606                  LD        A, #0x6
   \   000007 CD0000                CALL      L:TIM3_TimeBaseInit
    139            TIM3_SetAutoreload(3125);
   \   00000A AE0C35                LDW       X, #0xc35
   \   00000D CD0000                CALL      L:TIM3_SetAutoreload
    140            TIM3_ITConfig(TIM3_IT_Update, ENABLE);
   \   000010 35010000              MOV       S:?b0, #0x1
   \   000014 A601                  LD        A, #0x1
   \   000016 CD0000                CALL      L:TIM3_ITConfig
    141            TIM3_ARRPreloadConfig(ENABLE);
   \   000019 A601                  LD        A, #0x1
   \   00001B CD0000                CALL      L:TIM3_ARRPreloadConfig
    142            //TIM3_UpdateDisableConfig(ENABLE);
    143            TIM3_Cmd(ENABLE);
   \   00001E A601                  LD        A, #0x1
   \   000020 CC0000                JP        L:TIM3_Cmd
    144            
    145            /*
    146            TIM1_TimeBaseInit(64, TIM1_CounterMode_Up, 3125, 0);
    147            TIM1_SetAutoreload(3125);
    148            TIM1_ITConfig(TIM1_IT_Update, ENABLE);
    149            TIM1_Cmd(ENABLE);
    150            */
    151          }
    152          
    153          

   \                                 In section .near_func.text, align 1
    154          static void USART_Config(void)
    155          {
    156            //PA3 Send
    157            //PA2 receive
    158            current_buffer_size = 0;
   \                     USART_Config:
   \   000000 5F                    CLRW      X
   \   000001 CF0000                LDW       L:current_buffer_size, X
    159            current_buffer_position = 0;
   \   000004 5F                    CLRW      X
   \   000005 CF0000                LDW       L:current_buffer_position, X
    160            SYSCFG_REMAPPinConfig(REMAP_Pin_USART1TxRxPortA, ENABLE);   //Map USART to PortA
   \   000008 A601                  LD        A, #0x1
   \   00000A AE011C                LDW       X, #0x11c
   \   00000D CD0000                CALL      L:SYSCFG_REMAPPinConfig
    161            
    162            GPIO_Init(GPIOA,GPIO_Pin_2,GPIO_Mode_In_PU_No_IT);    //USART_RX
   \   000010 35400000              MOV       S:?b0, #0x40
   \   000014 A604                  LD        A, #0x4
   \   000016 AE5000                LDW       X, #0x5000
   \   000019 CD0000                CALL      L:GPIO_Init
    163            //GPIO_Init(GPIOA,GPIO_Pin_3,GPIO_Mode_Out_PP_Low_Fast);     //USART_TX
    164            GPIO_ExternalPullUpConfig(GPIOA, GPIO_Pin_3, ENABLE);        //Let this port been controlled by external signal
   \   00001C 35010000              MOV       S:?b0, #0x1
   \   000020 A608                  LD        A, #0x8
   \   000022 AE5000                LDW       X, #0x5000
   \   000025 CD0000                CALL      L:GPIO_ExternalPullUpConfig
    165            
    166            CLK_PeripheralClockConfig(CLK_Peripheral_USART1, ENABLE);
   \   000028 35010000              MOV       S:?b0, #0x1
   \   00002C A605                  LD        A, #0x5
   \   00002E CD0000                CALL      L:CLK_PeripheralClockConfig
    167            //GPIO_ExternalPullUpConfig(GPIOA, GPIO_Pin_2|GPIO_Pin_3, ENABLE);
    168            USART_DeInit(USART1);  
   \   000031 AE5230                LDW       X, #0x5230
   \   000034 CD0000                CALL      L:USART_DeInit
    169            USART_Init(USART1,
    170                       9600, 
    171                       USART_WordLength_8b,
    172                       USART_StopBits_1,
    173                       USART_Parity_No,
    174                       (USART_Mode_TypeDef)(USART_Mode_Rx|USART_Mode_Tx));
   \   000037 350C0000              MOV       S:?b6, #0xc
   \   00003B 3F00                  CLR       S:?b5
   \   00003D 3F00                  CLR       S:?b4
   \   00003F 4F                    CLR       A
   \   000040 AE2580                LDW       X, #0x2580
   \   000043 BF00                  LDW       S:?w1, X
   \   000045 5F                    CLRW      X
   \   000046 BF00                  LDW       S:?w0, X
   \   000048 AE5230                LDW       X, #0x5230
   \   00004B CD0000                CALL      L:USART_Init
    175            USART_ClockInit(USART1,USART_Clock_Disable,USART_CPOL_Low,USART_CPHA_2Edge,USART_LastBit_Disable);
   \   00004E 3F00                  CLR       S:?b2
   \   000050 35020000              MOV       S:?b1, #0x2
   \   000054 3F00                  CLR       S:?b0
   \   000056 4F                    CLR       A
   \   000057 AE5230                LDW       X, #0x5230
   \   00005A CD0000                CALL      L:USART_ClockInit
    176            USART_ClearITPendingBit(USART1,USART_IT_RXNE);
   \   00005D 90AE0255              LDW       Y, #0x255
   \   000061 AE5230                LDW       X, #0x5230
   \   000064 CD0000                CALL      L:USART_ClearITPendingBit
    177            //USART_ITConfig(USART1, (USART_FLAG_TypeDef)(USART_IT_TXE | USART_IT_RXNE), ENABLE);
    178            USART_ITConfig(USART1, USART_IT_RXNE, ENABLE);
   \   000067 A601                  LD        A, #0x1
   \   000069 90AE0255              LDW       Y, #0x255
   \   00006D AE5230                LDW       X, #0x5230
   \   000070 CD0000                CALL      L:USART_ITConfig
    179            USART_Cmd(USART1, ENABLE);
   \   000073 A601                  LD        A, #0x1
   \   000075 AE5230                LDW       X, #0x5230
   \   000078 CC0000                JP        L:USART_Cmd
    180          }
    181          
    182          

   \                                 In section .near_func.text, align 1
    183          void USART_SendByte(uint8_t data)
    184          {
    185            USART_SendData8(USART1, (unsigned char)data);
   \                     USART_SendByte:
   \   000000 AE5230                LDW       X, #0x5230
   \   000003 CD0000                CALL      L:USART_SendData8
    186            /* Loop until the end of transmission */
    187            while(USART_GetFlagStatus(USART1, USART_FLAG_TXE) == RESET);
   \                     ??USART_SendByte_0:
   \   000006 90AE0080              LDW       Y, #0x80
   \   00000A AE5230                LDW       X, #0x5230
   \   00000D CD0000                CALL      L:USART_GetFlagStatus
   \   000010 A100                  CP        A, #0x0
   \   000012 27F2                  JREQ      L:??USART_SendByte_0
    188          }
   \   000014 81                    RET
    189          

   \                                 In section .near_func.text, align 1
    190          void USART_SendString(uint8_t* Data, uint16_t len)
    191          {
   \                     USART_SendString:
   \   000000 CD0000                CALL      L:?push_l2
   \   000003 CD0000                CALL      L:?push_w6
   \   000006 BF00                  LDW       S:?w6, X
   \   000008 90BF00                LDW       S:?w5, Y
    192            //unit16_t i = 0;
    193            for(int i = 0; i < len; i++)
   \   00000B 3F00                  CLR       S:?b9
   \   00000D 3F00                  CLR       S:?b8
   \   00000F 200F                  JRA       L:??USART_SendString_0
    194            {
    195              USART_SendByte(Data[i]);  
   \                     ??USART_SendString_1:
   \   000011 BE00                  LDW       X, S:?w4
   \   000013 72BB0000              ADDW      X, S:?w6
   \   000017 F6                    LD        A, (X)
   \   000018 CD0000                CALL      L:USART_SendByte
    196            }
   \   00001B BE00                  LDW       X, S:?w4
   \   00001D 5C                    INCW      X
   \   00001E BF00                  LDW       S:?w4, X
   \                     ??USART_SendString_0:
   \   000020 BE00                  LDW       X, S:?w4
   \   000022 B300                  CPW       X, S:?w5
   \   000024 25EB                  JRC       L:??USART_SendString_1
    197          }
   \   000026 CC0000                JP        L:?epilogue_l2_w6
    198          

   \                                 In section .near_func.text, align 1
    199          uint8_t USART_ReceiveByte(void)
    200          {
    201            uint8_t USART_RX_BUF;
    202            while(USART_GetFlageStatus(USART1, USART_FLAG_RXNE) == RESET);
   \                     USART_ReceiveByte:
   \                     ??USART_ReceiveByte_0:
   \   000000 90AE0020              LDW       Y, #0x20
   \   000004 AE5230                LDW       X, #0x5230
   \   000007 CD0000                CALL      L:USART_GetFlageStatus
   \   00000A 5D                    TNZW      X
   \   00000B 27F3                  JREQ      L:??USART_ReceiveByte_0
    203            USART_RX_BUF = USART_ReceiveData8(USART1);
   \   00000D AE5230                LDW       X, #0x5230
   \   000010 CC0000                JP        L:USART_ReceiveData8
    204            return USART_RX_BUF;
    205          }
    206          

   \                                 In section .near_func.text, align 1
    207          void Delay(int time)
    208          {
   \                     Delay:
   \   000000 BF00                  LDW       S:?w0, X
    209            for(int i = 0; i < time; i++)
   \   000002 905F                  CLRW      Y
   \   000004 2008                  JRA       L:??Delay_0
    210              for(int j = 0; j < 100; j++);
   \                     ??Delay_1:
   \   000006 5C                    INCW      X
   \                     ??Delay_2:
   \   000007 A30064                CPW       X, #0x64
   \   00000A 2FFA                  JRSLT     L:??Delay_1
   \   00000C 905C                  INCW      Y
   \                     ??Delay_0:
   \   00000E 90B300                CPW       Y, S:?w0
   \   000011 2E03                  JRSGE     L:??Delay_3
   \   000013 5F                    CLRW      X
   \   000014 20F1                  JRA       L:??Delay_2
    211          }
   \                     ??Delay_3:
   \   000016 81                    RET
    212          
    213          
    214          #ifdef  USE_FULL_ASSERT
    215          
    216          void assert_failed(uint8_t* file, uint32_t line)
    217          {
    218            /* User can add his own implementation to report the file name and line number,
    219               ex: printf("Wrong parameters value: file %s on line %d\r\n", file, line) */
    220          
    221            /* Infinite loop */
    222            while (1)
    223            {}
    224          }
    225          #endif

   Section sizes:

     Function/Label                 Bytes
     --------------                 -----
     BUFFER_SIZE                       2
     usart_buffer                     10
     current_buffer_position           2
     current_buffer_size               2
     degree_interval                   2
     time_interval                     2
     config_complete_flag              1
     working_flag                      1
     time_interval_counter             2
     servo_motor_position              2
     degree_interval_stored            2
     EXTIE_F_PVD_IRQHandler            2
     EXTIB_IRQHandler                  2
     EXTID_IRQHandler                  2
     EXTI0_IRQHandler                  2
     EXTI1_IRQHandler                  1
     EXTI2_IRQHandler                  2
     EXTI3_IRQHandler                  2
     EXTI4_IRQHandler                  2
     EXTI5_IRQHandler                  2
     EXTI6_IRQHandler                  1
     EXTI7_IRQHandler                  2
     TIM2_UPD_OVF_TRG_BRK_IRQHandler
                                       2
     TIM2_CAP_IRQHandler               2
     TIM3_UPD_OVF_TRG_BRK_IRQHandler
                                      82
     TIM3_CAP_IRQHandler               2
     TIM1_UPD_OVF_TRG_COM_IRQHandler
                                       2
     TIM1_CAP_IRQHandler               2
     TIM4_UPD_OVF_TRG_IRQHandler       2
     SPI1_IRQHandler                   2
     USART1_TX_IRQHandler             27
     USART1_RX_IRQHandler            140
     I2C1_IRQHandler                   2
     CCR1_Val                          2
     CCR2_Val                          2
     CCR3_Val                          2
     ERROR_MESSAGE                     5
     main                             74
     CLK_Config                       22
     GPIO_Config                      36
     TIM2_Config                      46
     TIM3_Config                      35
     USART_Config                    123
     USART_SendByte                   21
     USART_SendString                 41
     USART_ReceiveByte                19
     Delay                            23

 
  26 bytes in section .near.bss
   6 bytes in section .near.data
   7 bytes in section .near.rodata
 725 bytes in section .near_func.text
 
 725 bytes of CODE  memory
   7 bytes of CONST memory
  32 bytes of DATA  memory

Errors: none
Warnings: 2
