###############################################################################
#                                                                             #
# IAR ELF Linker V1.30.1.50036 for STM8                 26/Nov/2013  16:28:49 #
# Copyright 2010-2011 IAR Systems AB.                                         #
#                                                                             #
#    Output file  =  F:\Skydrive\Final Design\STM8L-Discovery1\Debug\Exe\Wave #
#                    sGenerator.out                                           #
#    Map file     =  F:\Skydrive\Final Design\STM8L-Discovery1\Debug\List\Wav #
#                    esGenerator.map                                          #
#    Command line =  "F:\Skydrive\Final Design\STM8L-Discovery1\Debug\Obj\del #
#                    ay.o" "F:\Skydrive\Final Design\STM8L-Discovery1\Debug\O #
#                    bj\main.o" "F:\Skydrive\Final                            #
#                    Design\STM8L-Discovery1\Debug\Obj\stm8l-discoveryl.o"    #
#                    "F:\Skydrive\Final Design\STM8L-Discovery1\Debug\Obj\stm #
#                    8l15x_clk.o" "F:\Skydrive\Final                          #
#                    Design\STM8L-Discovery1\Debug\Obj\stm8l15x_dac.o"        #
#                    "F:\Skydrive\Final Design\STM8L-Discovery1\Debug\Obj\stm #
#                    8l15x_dma.o" "F:\Skydrive\Final                          #
#                    Design\STM8L-Discovery1\Debug\Obj\stm8l15x_exti.o"       #
#                    "F:\Skydrive\Final Design\STM8L-Discovery1\Debug\Obj\stm #
#                    8l15x_gpio.o" "F:\Skydrive\Final                         #
#                    Design\STM8L-Discovery1\Debug\Obj\stm8l15x_it.o"         #
#                    "F:\Skydrive\Final Design\STM8L-Discovery1\Debug\Obj\stm #
#                    8l15x_lcd.o" "F:\Skydrive\Final                          #
#                    Design\STM8L-Discovery1\Debug\Obj\stm8l15x_tim4.o"       #
#                    "F:\Skydrive\Final Design\STM8L-Discovery1\Debug\Obj\stm #
#                    8l15x_usart.o" "F:\Skydrive\Final                        #
#                    Design\STM8L-Discovery1\Debug\Obj\stm8l_discovery_lcd.o" #
#                     --redirect _Printf=_PrintfSmall --redirect              #
#                    _Scanf=_ScanfSmall -o "F:\Skydrive\Final                 #
#                    Design\STM8L-Discovery1\Debug\Exe\WavesGenerator.out"    #
#                    --map "F:\Skydrive\Final Design\STM8L-Discovery1\Debug\L #
#                    ist\WavesGenerator.map" --config "D:\IAR                 #
#                    Systems\Embedded Workbench 6.0\stm8\config\lnkstm8l152c6 #
#                    .icf" --config_def _CSTACK_SIZE=0x100 --config_def       #
#                    _HEAP_SIZE=0x100 --entry __iar_program_start --debug_lib #
#                                                                             #
#                                                                             #
###############################################################################

*******************************************************************************
*** MESSAGES
***

Error[Li005]: no definition for "display_loop" [referenced from
          F:\Skydrive\Final Design\STM8L-Discovery1\Debug\Obj\stm8l15x_it.o]
Error[Li005]: no definition for "sample_size" [referenced from
          F:\Skydrive\Final Design\STM8L-Discovery1\Debug\Obj\stm8l15x_it.o]
Error[Li005]: no definition for "WavesTab" [referenced from F:\Skydrive\Final
          Design\STM8L-Discovery1\Debug\Obj\stm8l15x_it.o]
Error[Li005]: no definition for "wave_type" [referenced from F:\Skydrive\Final
          Design\STM8L-Discovery1\Debug\Obj\stm8l15x_it.o]
Error[Li005]: no definition for "priority" [referenced from F:\Skydrive\Final
          Design\STM8L-Discovery1\Debug\Obj\stm8l15x_it.o]
Error[Li005]: no definition for "TIM1_TimeBaseInit" [referenced from
          F:\Skydrive\Final Design\STM8L-Discovery1\Debug\Obj\main.o]
Error[Li005]: no definition for "TIM1_OC1Init" [referenced from
          F:\Skydrive\Final Design\STM8L-Discovery1\Debug\Obj\main.o]
Error[Li005]: no definition for "TIM1_OC1PreloadConfig" [referenced from
          F:\Skydrive\Final Design\STM8L-Discovery1\Debug\Obj\main.o]
Error[Li005]: no definition for "TIM1_OC2Init" [referenced from
          F:\Skydrive\Final Design\STM8L-Discovery1\Debug\Obj\main.o]
Error[Li005]: no definition for "TIM1_OC2PreloadConfig" [referenced from
          F:\Skydrive\Final Design\STM8L-Discovery1\Debug\Obj\main.o]
Error[Li005]: no definition for "TIM1_OC3Init" [referenced from
          F:\Skydrive\Final Design\STM8L-Discovery1\Debug\Obj\main.o]
Error[Li005]: no definition for "TIM1_OC3PreloadConfig" [referenced from
          F:\Skydrive\Final Design\STM8L-Discovery1\Debug\Obj\main.o]
Error[Li005]: no definition for "TIM1_ARRPreloadConfig" [referenced from
          F:\Skydrive\Final Design\STM8L-Discovery1\Debug\Obj\main.o]
Error[Li005]: no definition for "TIM1_ITConfig" [referenced from
          F:\Skydrive\Final Design\STM8L-Discovery1\Debug\Obj\main.o]
Error[Li005]: no definition for "TIM1_CtrlPWMOutputs" [referenced from
          F:\Skydrive\Final Design\STM8L-Discovery1\Debug\Obj\main.o]
Error[Li005]: no definition for "TIM1_Cmd" [referenced from F:\Skydrive\Final
          Design\STM8L-Discovery1\Debug\Obj\main.o]


*******************************************************************************
*** RUNTIME MODEL ATTRIBUTES
***

__SystemLibrary            = DLib
__code_model               = small
__core                     = stm8
__data_model               = medium
__dlib_file_descriptor     = 0
__dlib_full_locale_support = 0
__rt_version               = 4


*******************************************************************************
*** PLACEMENT SUMMARY
***

"A1":  place at start of [0x000000-0x0000ff] { rw section .vregs };
"A2":  place at end of [0x000000-0x0007ff] { block CSTACK };
"P2":  place in [from 0x000000 to 0x0007ff] {
          block HEAP, rw section .far.bss, rw section .far.data,
          rw section .far.noinit, rw section .far_func.textrw,
          rw section .huge.bss, rw section .huge.data, rw section .huge.noinit,
          rw section .huge_func.textrw, rw section .iar.dynexit,
          rw section .near.bss, rw section .near.data, rw section .near.noinit,
          rw section .near_func.textrw };
"A3":  place at start of [0x008000-0x00ffff] { block INTVEC };
"P3":  place in [from 0x008000 to 0x00ffff] {
          ro section .far.data_init, ro section .far_func.textrw_init,
          ro section .huge.data_init, ro section .huge_func.textrw_init,
          ro section .iar.init_table, ro section .init_array,
          ro section .near.data_init, ro section .near.rodata,
          ro section .near_func.text, ro section .near_func.textrw_init,
          ro section .tiny.data_init, ro section .tiny.rodata_init };

  Section            Kind      Address   Size  Object
  -------            ----      -------   ----  ------
"A1":                                     0xc
  .vregs             uninit   0x000000    0xc  vregs.o [4]
                            - 0x00000c    0xc

"P2", part 1 of 2:                        0x7
  P2 s0                       0x00000c    0x7  <Init block>
    .near.data       inited   0x00000c    0x2  main.o [1]
    .near.data       inited   0x00000e    0x2  main.o [1]
    .near.data       inited   0x000010    0x2  main.o [1]
    .near.data       inited   0x000012    0x1  stm8l15x_it.o [1]
                            - 0x000013    0x7

"P2", part 2 of 2:                        0x2
  .near.bss          zero     0x000013    0x2  stm8l_discovery_lcd.o [1]
                            - 0x000015    0x2

"A2":                                   0x100
  CSTACK                      0x000700  0x100  <Block>
    CSTACK           uninit   0x000700  0x100  <Block tail>
                            - 0x000800  0x100

"A3":                                    0x80
  INTVEC                      0x008000   0x80  <Block>
    .intvec          const    0x008000   0x80  interrupt.o [4]
                            - 0x008080   0x80

"P3":                                   0xc16
  .near_func.text    ro code  0x008080  0x3e8  stm8l_discovery_lcd.o [1]
  .near_func.text    ro code  0x008468  0x1d2  stm8l15x_it.o [1]
  .near_func.text    ro code  0x00863a   0xef  long.o [4]
  .near_func.text    ro code  0x008729   0xe2  stm8l_discovery_lcd.o [1]
  .near_func.text    ro code  0x00880b   0xae  stm8l15x_gpio.o [1]
  .near_func.text    ro code  0x0088b9   0x9d  main.o [1]
  .near_func.text    ro code  0x008956   0x89  stm8l15x_clk.o [1]
  .near_func.text    ro code  0x0089df   0x6a  vreg_util.o [4]
  .near_func.text    ro code  0x008a49   0x3b  long_util.o [4]
  .near_func.text    ro code  0x008a84   0x39  stm8l_discovery_lcd.o [1]
  .near.rodata       const    0x008abd   0x34  stm8l_discovery_lcd.o [1]
  .near_func.text    ro code  0x008af1   0x28  init_small.o [4]
  .near_func.text    ro code  0x008b19   0x27  stm8l_discovery_lcd.o [1]
  .near_func.text    ro code  0x008b40   0x23  main.o [1]
  .near_func.text    ro code  0x008b63    0xd  dc_util.o [4]
  .iar.init_table    const    0x008b70   0x12  - Linker created -
  .near_func.text    ro code  0x008b82   0x1e  stm8l_discovery_lcd.o [1]
  .near_func.text    ro code  0x008ba0   0x1e  init_small.o [4]
  .near_func.text    ro code  0x008bbe   0x17  init.o [4]
  .near.rodata       const    0x008bd5   0x14  stm8l_discovery_lcd.o [1]
  .near_func.text    ro code  0x008be9   0x14  __dbg_xxexit.o [3]
  .near_func.text    ro code  0x008bfd   0x13  cstartup.o [4]
  .near_func.text    ro code  0x008c10   0x10  short.o [4]
  .near_func.text    ro code  0x008c20    0xc  main.o [1]
  .near_func.text    ro code  0x008c2c    0x9  main.o [1]
  .near.rodata       const    0x008c35    0x7  stm8l15x_it.o [1]
  .near_func.text    ro code  0x008c3c    0x6  char.o [4]
  .near_func.text    ro code  0x008c42    0x5  cexit.o [4]
  .near_func.text    ro code  0x008c47    0x3  interrupt.o [4]
  .near_func.text    ro code  0x008c4a    0x3  low_level_init.o [4]
  .near_func.text    ro code  0x008c4d    0x3  exit.o [4]
  .near_func.text    ro code  0x008c50    0x3  unhandled_exception.o [4]
  .near_func.text    ro code  0x008c53    0x2  stm8l15x_it.o [1]
  .near_func.text    ro code  0x008c55    0x2  stm8l15x_it.o [1]
  .near_func.text    ro code  0x008c57    0x2  stm8l15x_it.o [1]
  .near_func.text    ro code  0x008c59    0x2  stm8l15x_it.o [1]
  .near_func.text    ro code  0x008c5b    0x2  stm8l15x_it.o [1]
  .near_func.text    ro code  0x008c5d    0x2  stm8l15x_it.o [1]
  .near_func.text    ro code  0x008c5f    0x2  stm8l15x_it.o [1]
  .near_func.text    ro code  0x008c61    0x2  stm8l15x_it.o [1]
  .near_func.text    ro code  0x008c63    0x2  stm8l15x_it.o [1]
  .near_func.text    ro code  0x008c65    0x2  stm8l15x_it.o [1]
  .near_func.text    ro code  0x008c67    0x2  stm8l15x_it.o [1]
  .near_func.text    ro code  0x008c69    0x2  stm8l15x_it.o [1]
  .near_func.text    ro code  0x008c6b    0x2  stm8l15x_it.o [1]
  .near_func.text    ro code  0x008c6d    0x2  stm8l15x_it.o [1]
  .near_func.text    ro code  0x008c6f    0x2  stm8l15x_it.o [1]
  .near_func.text    ro code  0x008c71    0x2  stm8l15x_it.o [1]
  .near_func.text    ro code  0x008c73    0x2  stm8l15x_it.o [1]
  .near_func.text    ro code  0x008c75    0x2  stm8l15x_it.o [1]
  .near_func.text    ro code  0x008c77    0x2  stm8l15x_it.o [1]
  .near_func.text    ro code  0x008c79    0x2  stm8l15x_it.o [1]
  .near_func.text    ro code  0x008c7b    0x2  stm8l15x_it.o [1]
  .near_func.text    ro code  0x008c7d    0x2  stm8l15x_it.o [1]
  .near_func.text    ro code  0x008c7f    0x2  stm8l15x_it.o [1]
  .near_func.text    ro code  0x008c81    0x2  stm8l15x_it.o [1]
  .near_func.text    ro code  0x008c83    0x2  stm8l15x_it.o [1]
  .near_func.text    ro code  0x008c85    0x2  stm8l15x_it.o [1]
  .near_func.text    ro code  0x008c87    0x2  stm8l15x_it.o [1]
  .near_func.text    ro code  0x008c89    0x2  stm8l15x_it.o [1]
  .near_func.text    ro code  0x008c8b    0x2  stm8l15x_it.o [1]
  .near_func.text    ro code  0x008c8d    0x1  stm8l15x_it.o [1]
  .near_func.text    ro code  0x008c8e    0x1  __dbg_break.o [3]
  Initializer bytes  ro data  0x008c8f    0x7  <for P2 s0> (used: 0x0)
                            - 0x008c96  0xc16


*******************************************************************************
*** INIT TABLE
***

          Address   Size
          -------   ----
Zero (__iar_zero_init2)
    1 destination range, total size 0x2:
          0x000013   0x2

Copy (__iar_copy_init2)
    1 source range, total size 0x7:
          0x008c8f   0x7
    1 destination range, total size 0x7:
          0x00000c   0x7


*******************************************************************************
*** MODULE SUMMARY
***

    Module                 ro code  ro data  rw data
    ------                 -------  -------  -------
F:\Skydrive\Final Design\STM8L-Discovery1\Debug\Obj: [1]
    main.o                     213        6        6
    stm8l15x_clk.o             137
    stm8l15x_gpio.o            174
    stm8l15x_it.o              525        8        1
    stm8l_discovery_lcd.o    1 352       72        2
    ------------------------------------------------
    Total:                   2 401       86        9

command line: [2]
    ------------------------------------------------
    Total:

dbgstm8smd.a: [3]
    __dbg_break.o                1
    __dbg_xxexit.o              20
    ------------------------------------------------
    Total:                      21

dlstm8smn.a: [4]
    cexit.o                      5
    char.o                       6
    cstartup.o                  19
    dc_util.o                   13
    exit.o                       3
    init.o                      23
    init_small.o                70
    interrupt.o                  3      128
    long.o                     239
    long_util.o                 59
    low_level_init.o             3
    short.o                     16
    unhandled_exception.o        3
    vreg_util.o                106
    vregs.o                                       12
    ------------------------------------------------
    Total:                     568      128       12

    Linker created                       18      256
----------------------------------------------------
    Grand Total:             2 990      232      277


*******************************************************************************
*** ENTRY LIST
***

Entry                    Address   Size  Type      Object
-----                    -------   ----  ----      ------
?b0                     0x000000         Data  Gb  vregs.o [4]
?b1                     0x000001         Data  Gb  vregs.o [4]
?b10                    0x00000a         Data  Gb  vregs.o [4]
?b11                    0x00000b         Data  Gb  vregs.o [4]
?b2                     0x000002         Data  Gb  vregs.o [4]
?b3                     0x000003         Data  Gb  vregs.o [4]
?b4                     0x000004         Data  Gb  vregs.o [4]
?b5                     0x000005         Data  Gb  vregs.o [4]
?b6                     0x000006         Data  Gb  vregs.o [4]
?b7                     0x000007         Data  Gb  vregs.o [4]
?b8                     0x000008         Data  Gb  vregs.o [4]
?b9                     0x000009         Data  Gb  vregs.o [4]
?dc32_l0                0x008b63         Code  Gb  dc_util.o [4]
?dec32_0x_0x            0x008652         Code  Gb  long.o [4]
?dec32_l0_l0            0x00864d         Code  Gb  long.o [4]
?e0                     0x000001         Data  Gb  vregs.o [4]
?e1                     0x000005         Data  Gb  vregs.o [4]
?e2                     0x000009         Data  Gb  vregs.o [4]
?inc32_0x_0x            0x00863f         Code  Gb  long.o [4]
?inc32_l0_l0            0x00863a         Code  Gb  long.o [4]
?l0                     0x000000         Data  Gb  vregs.o [4]
?l1                     0x000004         Data  Gb  vregs.o [4]
?l2                     0x000008         Data  Gb  vregs.o [4]
?load32_0x_l0           0x008a76         Code  Gb  long_util.o [4]
?load32_asp_l0          0x008a6a         Code  Gb  long_util.o [4]
?load32_dbsp_l0         0x008a65         Code  Gb  long_util.o [4]
?load32_l0_0x           0x008a59         Code  Gb  long_util.o [4]
?load32_l0_asp          0x008a4e         Code  Gb  long_util.o [4]
?load32_l0_dbsp         0x008a49         Code  Gb  long_util.o [4]
?load32_l0_xsp          0x008a50         Code  Gb  long_util.o [4]
?load32_xsp_l0          0x008a6c         Code  Gb  long_util.o [4]
?mov_e1_e0              0x008a3f         Code  Gb  vreg_util.o [4]
?mov_l1_l0              0x008a3c         Code  Gb  vreg_util.o [4]
?mov_w3_w1              0x008a42         Code  Gb  vreg_util.o [4]
?pop_l0                 0x008a1e         Code  Gb  vreg_util.o [4]
?pop_l1                 0x008a29         Code  Gb  vreg_util.o [4]
?push_l0                0x0089f7         Code  Gb  vreg_util.o [4]
?push_l1                0x0089fc         Code  Gb  vreg_util.o [4]
?push_w4                0x0089df         Code  Gb  vreg_util.o [4]
?sdiv32_l0_dl_l1        0x0086d3         Code  Gb  long.o [4]
?sdiv32_l0_l0_l1        0x0086d8         Code  Gb  long.o [4]
?sll16_x_x_a            0x008c10         Code  Gb  short.o [4]
?sll8_a_a_5             0x008c3d         Code  Gb  char.o [4]
?sll8_a_a_6             0x008c3c         Code  Gb  char.o [4]
?smod32_l1_l0_l1        0x0086d8         Code  Gb  long.o [4]
?srl16_x_x_a            0x008c18         Code  Gb  short.o [4]
?ucmp32_c_l0_l1         0x00871e         Code  Gb  long.o [4]
?udiv32_l0_l0_l1        0x008666         Code  Gb  long.o [4]
?umod32_l1_l0_l1        0x008666         Code  Gb  long.o [4]
?w0                     0x000000         Data  Gb  vregs.o [4]
?w1                     0x000002         Data  Gb  vregs.o [4]
?w2                     0x000004         Data  Gb  vregs.o [4]
?w3                     0x000006         Data  Gb  vregs.o [4]
?w4                     0x000008         Data  Gb  vregs.o [4]
?w5                     0x00000a         Data  Gb  vregs.o [4]
ADC1_COMP_IRQHandler    0x008c75    0x2  Code  Gb  stm8l15x_it.o [1]
CCR1_Val                0x00000c    0x2  Data  Gb  main.o [1]
CCR2_Val                0x00000e    0x2  Data  Gb  main.o [1]
CCR3_Val                0x000010    0x2  Data  Gb  main.o [1]
CLK_Config              0x008c2c    0x9  Code  Lc  main.o [1]
CLK_PeripheralClockConfig
                        0x008956   0x89  Code  Gb  stm8l15x_clk.o [1]
CSTACK$$Base            0x000700          --   Gb  - Linker created -
CSTACK$$Limit           0x000800          --   Gb  - Linker created -
CapLetterMap            0x008abd   0x34  Data  Gb  stm8l_discovery_lcd.o [1]
DMA1_CHANNEL0_1_IRQHandler
                        0x008c59    0x2  Code  Gb  stm8l15x_it.o [1]
DMA1_CHANNEL2_3_IRQHandler
                        0x008c5b    0x2  Code  Gb  stm8l15x_it.o [1]
EXTI0_IRQHandler        0x008c65    0x2  Code  Gb  stm8l15x_it.o [1]
EXTI1_IRQHandler        0x008468  0x1d2  Code  Gb  stm8l15x_it.o [1]
EXTI2_IRQHandler        0x008c67    0x2  Code  Gb  stm8l15x_it.o [1]
EXTI3_IRQHandler        0x008c69    0x2  Code  Gb  stm8l15x_it.o [1]
EXTI4_IRQHandler        0x008c6b    0x2  Code  Gb  stm8l15x_it.o [1]
EXTI5_IRQHandler        0x008c6d    0x2  Code  Gb  stm8l15x_it.o [1]
EXTI6_IRQHandler        0x008c8d    0x1  Code  Gb  stm8l15x_it.o [1]
EXTI7_IRQHandler        0x008c6f    0x2  Code  Gb  stm8l15x_it.o [1]
EXTIB_IRQHandler        0x008c61    0x2  Code  Gb  stm8l15x_it.o [1]
EXTID_IRQHandler        0x008c63    0x2  Code  Gb  stm8l15x_it.o [1]
EXTIE_F_PVD_IRQHandler  0x008c5f    0x2  Code  Gb  stm8l15x_it.o [1]
FLASH_IRQHandler        0x008c57    0x2  Code  Gb  stm8l15x_it.o [1]
GPIO_Config             0x008c20    0xc  Code  Lc  main.o [1]
GPIO_Init               0x00880b   0xae  Code  Gb  stm8l15x_gpio.o [1]
I2C1_IRQHandler         0x008c8b    0x2  Code  Gb  stm8l15x_it.o [1]
INTVEC$$Base            0x008000          --   Gb  - Linker created -
INTVEC$$Limit           0x008080          --   Gb  - Linker created -
LCD_Conv_Char_Seg       0x008729   0xe2  Code  Lc  stm8l_discovery_lcd.o [1]
LCD_GLASS_Clear         0x008b82   0x1e  Code  Gb  stm8l_discovery_lcd.o [1]
LCD_GLASS_DisplayString
                        0x008a84   0x39  Code  Gb  stm8l_discovery_lcd.o [1]
LCD_GLASS_WriteChar     0x008080  0x3e8  Code  Gb  stm8l_discovery_lcd.o [1]
LCD_IRQHandler          0x008c71    0x2  Code  Gb  stm8l15x_it.o [1]
LCD_bar                 0x008b19   0x27  Code  Gb  stm8l_discovery_lcd.o [1]
NonHandledInterrupt     0x008c53    0x2  Code  Gb  stm8l15x_it.o [1]
NumberMap               0x008bd5   0x14  Data  Gb  stm8l_discovery_lcd.o [1]
RTC_IRQHandler          0x008c5d    0x2  Code  Gb  stm8l15x_it.o [1]
Region$$Table$$Base     0x008b70          --   Gb  - Linker created -
Region$$Table$$Limit    0x008b82          --   Gb  - Linker created -
SPI1_IRQHandler         0x008c85    0x2  Code  Gb  stm8l15x_it.o [1]
SWITCH_CSS_BREAK_DAC_IRQHandler
                        0x008c73    0x2  Code  Gb  stm8l15x_it.o [1]
TIM1_CAP_IRQHandler     0x008c81    0x2  Code  Gb  stm8l15x_it.o [1]
TIM1_Config             0x0088b9   0x9d  Code  Lc  main.o [1]
TIM1_UPD_OVF_TRG_COM_IRQHandler
                        0x008c7f    0x2  Code  Gb  stm8l15x_it.o [1]
TIM2_CAP_IRQHandler     0x008c79    0x2  Code  Gb  stm8l15x_it.o [1]
TIM2_UPD_OVF_TRG_BRK_IRQHandler
                        0x008c77    0x2  Code  Gb  stm8l15x_it.o [1]
TIM3_CAP_IRQHandler     0x008c7d    0x2  Code  Gb  stm8l15x_it.o [1]
TIM3_UPD_OVF_TRG_BRK_IRQHandler
                        0x008c7b    0x2  Code  Gb  stm8l15x_it.o [1]
TIM4_UPD_OVF_TRG_IRQHandler
                        0x008c83    0x2  Code  Gb  stm8l15x_it.o [1]
TRAP_IRQHandler         0x008c55    0x2  Code  Gb  stm8l15x_it.o [1]
USART1_RX_IRQHandler    0x008c89    0x2  Code  Gb  stm8l15x_it.o [1]
USART1_TX_IRQHandler    0x008c87    0x2  Code  Gb  stm8l15x_it.o [1]
WavesTabIndex           0x000012    0x1  Data  Gb  stm8l15x_it.o [1]
__DebugBreak            0x008c8e    0x1  Code  Gb  __dbg_break.o [3]
__exit                  0x008be9   0x14  Code  Gb  __dbg_xxexit.o [3]
__iar_copy_init2        0x008af1         Code  Gb  init_small.o [4]
__iar_data_init2        0x008bbe   0x17  Code  Gb  init.o [4]
__iar_program_start     0x008bfd         Code  Gb  cstartup.o [4]
__iar_unhandled_exception
                        0x008c50         Code  Gb  unhandled_exception.o [4]
__iar_zero_init2        0x008ba0         Code  Gb  init_small.o [4]
__intvec                0x008000         Data  Gb  interrupt.o [4]
__low_level_init        0x008c4a    0x3  Code  Gb  low_level_init.o [4]
_exit                   0x008c42         Code  Gb  cexit.o [4]
_interrupt_1            0x008c55         Code  Gb  stm8l15x_it.o [1]
_interrupt_10           0x008c65         Code  Gb  stm8l15x_it.o [1]
_interrupt_11           0x008468         Code  Gb  stm8l15x_it.o [1]
_interrupt_12           0x008c67         Code  Gb  stm8l15x_it.o [1]
_interrupt_13           0x008c69         Code  Gb  stm8l15x_it.o [1]
_interrupt_14           0x008c6b         Code  Gb  stm8l15x_it.o [1]
_interrupt_15           0x008c6d         Code  Gb  stm8l15x_it.o [1]
_interrupt_16           0x008c8d         Code  Gb  stm8l15x_it.o [1]
_interrupt_17           0x008c6f         Code  Gb  stm8l15x_it.o [1]
_interrupt_18           0x008c71         Code  Gb  stm8l15x_it.o [1]
_interrupt_19           0x008c73         Code  Gb  stm8l15x_it.o [1]
_interrupt_2            0x008c53         Code  Gb  stm8l15x_it.o [1]
_interrupt_20           0x008c75         Code  Gb  stm8l15x_it.o [1]
_interrupt_21           0x008c77         Code  Gb  stm8l15x_it.o [1]
_interrupt_22           0x008c79         Code  Gb  stm8l15x_it.o [1]
_interrupt_23           0x008c7b         Code  Gb  stm8l15x_it.o [1]
_interrupt_24           0x008c7d         Code  Gb  stm8l15x_it.o [1]
_interrupt_25           0x008c7f         Code  Gb  stm8l15x_it.o [1]
_interrupt_26           0x008c81         Code  Gb  stm8l15x_it.o [1]
_interrupt_27           0x008c83         Code  Gb  stm8l15x_it.o [1]
_interrupt_28           0x008c85         Code  Gb  stm8l15x_it.o [1]
_interrupt_29           0x008c87         Code  Gb  stm8l15x_it.o [1]
_interrupt_3            0x008c57         Code  Gb  stm8l15x_it.o [1]
_interrupt_30           0x008c89         Code  Gb  stm8l15x_it.o [1]
_interrupt_31           0x008c8b         Code  Gb  stm8l15x_it.o [1]
_interrupt_4            0x008c59         Code  Gb  stm8l15x_it.o [1]
_interrupt_5            0x008c5b         Code  Gb  stm8l15x_it.o [1]
_interrupt_6            0x008c5d         Code  Gb  stm8l15x_it.o [1]
_interrupt_7            0x008c5f         Code  Gb  stm8l15x_it.o [1]
_interrupt_8            0x008c61         Code  Gb  stm8l15x_it.o [1]
_interrupt_9            0x008c63         Code  Gb  stm8l15x_it.o [1]
exit                    0x008c4d    0x3  Code  Gb  exit.o [4]
main                    0x008b40   0x23  Code  Gb  main.o [1]
t_bar                   0x000013    0x2  Data  Gb  stm8l_discovery_lcd.o [1]


[1] = F:\Skydrive\Final Design\STM8L-Discovery1\Debug\Obj
[2] = command line
[3] = dbgstm8smd.a
[4] = dlstm8smn.a

  2 990 bytes of readonly  code memory
    232 bytes of readonly  data memory
    277 bytes of readwrite data memory

Errors: 16
Warnings: none
